../Core/Src/acquisition/input_analog.c:23:21:adc_to_voltage	16	static
../Core/Src/acquisition/input_analog.c:28:21:voltage_to_current	16	static
../Core/Src/acquisition/input_analog.c:33:6:input_analog_init	8	static
../Core/Src/acquisition/input_analog.c:45:6:input_analog_get_currents	32	static
../Core/Src/acquisition/input_analog.c:59:6:input_analog_calibrate_zero_current	24	static
../Core/Src/acquisition/input_analog.c:73:6:input_analog_request_calibrate	8	static
../Core/Src/acquisition/input_analog.c:79:6:input_analog_task	8	static
../Core/Src/acquisition/input_analog.c:88:7:input_analog_get_bus_current	16	static
../Core/Src/acquisition/input_analog.c:95:6:input_analog_get_currents_ma	24	static
../Core/Src/acquisition/input_analog.c:104:6:input_analog_get_raw	16	static
