../Core/Src/acquisition/input_encoder.c:19:6:input_encoder_init	16	static
../Core/Src/acquisition/input_encoder.c:25:6:input_encoder_start	8	static
../Core/Src/acquisition/input_encoder.c:39:6:input_encoder_reset	4	static
../Core/Src/acquisition/input_encoder.c:49:6:input_encoder_sample_isr	16	static
../Core/Src/acquisition/input_encoder.c:69:9:input_encoder_get_rpm	4	static
../Core/Src/acquisition/input_encoder.c:70:9:input_encoder_get_mrpm	4	static
../Core/Src/acquisition/input_encoder.c:71:9:input_encoder_get_mrad_s	4	static
../Core/Src/acquisition/input_encoder.c:74:9:input_encoder_get_speed_rpm	8	static
../Core/Src/acquisition/input_encoder.c:79:9:input_encoder_get_speed_mrad_s	8	static
