../Core/Src/acquisition/input_analog.c:23:21:adc_to_voltage	16	static
../Core/Src/acquisition/input_analog.c:28:21:voltage_to_current	16	static
../Core/Src/acquisition/input_analog.c:33:6:input_analog_init	8	static
../Core/Src/acquisition/input_analog.c:38:6:input_analog_get_currents	32	static
../Core/Src/acquisition/input_analog.c:52:6:input_analog_calibrate_zero_current	24	static
../Core/Src/acquisition/input_analog.c:66:6:input_analog_request_calibrate	8	static
../Core/Src/acquisition/input_analog.c:72:6:input_analog_task	8	static
../Core/Src/acquisition/input_analog.c:81:7:input_analog_get_bus_current	16	static
../Core/Src/acquisition/input_analog.c:90:6:input_analog_get_raw	16	static
../Core/Src/acquisition/input_analog.c:96:6:input_analog_get_currents_ma	24	static
../Core/Src/acquisition/input_analog.c:107:6:input_analog_get_offsets	16	static
../Core/Src/acquisition/input_analog.c:113:6:input_analog_get_offsets_mv	16	static
../Core/Src/acquisition/input_analog.c:119:5:input_analog_calibrate_zero_current_avg	48	static
