../Core/Src/motor_control/motor.c:30:13:motor_shell_printf	156	static
../Core/Src/motor_control/motor.c:54:24:motor_get_arr	4	static
../Core/Src/motor_control/motor.c:62:6:motor_set_duty_percent	16	static
../Core/Src/motor_control/motor.c:71:6:motor_update	40	static
../Core/Src/motor_control/motor.c:119:6:motor_init	8	static
../Core/Src/motor_control/motor.c:127:19:motor_start	16	static
../Core/Src/motor_control/motor.c:140:19:motor_stop	16	static
../Core/Src/motor_control/motor.c:157:5:sh_speed	48	static
../Core/Src/motor_control/motor.c:200:5:sh_start	24	static
../Core/Src/motor_control/motor.c:224:5:sh_stop	24	static
