Archive member included to satisfy reference by file (symbol)

C:/ST/STM32CubeIDE_1.19.0/STM32CubeIDE/plugins/com.st.stm32cube.ide.mcu.externaltools.gnu-tools-for-stm32.13.3.rel1.win32_1.0.0.202411081344/tools/bin/../lib/gcc/arm-none-eabi/13.3.1/../../../../arm-none-eabi/lib/thumb/v7e-m+fp/hard\libc_nano.a(libc_a-exit.o)
                              C:/ST/STM32CubeIDE_1.19.0/STM32CubeIDE/plugins/com.st.stm32cube.ide.mcu.externaltools.gnu-tools-for-stm32.13.3.rel1.win32_1.0.0.202411081344/tools/bin/../lib/gcc/arm-none-eabi/13.3.1/../../../../arm-none-eabi/lib/thumb/v7e-m+fp/hard/crt0.o (exit)
C:/ST/STM32CubeIDE_1.19.0/STM32CubeIDE/plugins/com.st.stm32cube.ide.mcu.externaltools.gnu-tools-for-stm32.13.3.rel1.win32_1.0.0.202411081344/tools/bin/../lib/gcc/arm-none-eabi/13.3.1/../../../../arm-none-eabi/lib/thumb/v7e-m+fp/hard\libc_nano.a(libc_a-strtol.o)
                              ./Core/Src/motor_control/motor.o (strtol)
C:/ST/STM32CubeIDE_1.19.0/STM32CubeIDE/plugins/com.st.stm32cube.ide.mcu.externaltools.gnu-tools-for-stm32.13.3.rel1.win32_1.0.0.202411081344/tools/bin/../lib/gcc/arm-none-eabi/13.3.1/../../../../arm-none-eabi/lib/thumb/v7e-m+fp/hard\libc_nano.a(libc_a-ctype_.o)
                              C:/ST/STM32CubeIDE_1.19.0/STM32CubeIDE/plugins/com.st.stm32cube.ide.mcu.externaltools.gnu-tools-for-stm32.13.3.rel1.win32_1.0.0.202411081344/tools/bin/../lib/gcc/arm-none-eabi/13.3.1/../../../../arm-none-eabi/lib/thumb/v7e-m+fp/hard\libc_nano.a(libc_a-strtol.o) (_ctype_)
C:/ST/STM32CubeIDE_1.19.0/STM32CubeIDE/plugins/com.st.stm32cube.ide.mcu.externaltools.gnu-tools-for-stm32.13.3.rel1.win32_1.0.0.202411081344/tools/bin/../lib/gcc/arm-none-eabi/13.3.1/../../../../arm-none-eabi/lib/thumb/v7e-m+fp/hard\libc_nano.a(libc_a-findfp.o)
                              C:/ST/STM32CubeIDE_1.19.0/STM32CubeIDE/plugins/com.st.stm32cube.ide.mcu.externaltools.gnu-tools-for-stm32.13.3.rel1.win32_1.0.0.202411081344/tools/bin/../lib/gcc/arm-none-eabi/13.3.1/../../../../arm-none-eabi/lib/thumb/v7e-m+fp/hard\libc_nano.a(libc_a-exit.o) (__stdio_exit_handler)
C:/ST/STM32CubeIDE_1.19.0/STM32CubeIDE/plugins/com.st.stm32cube.ide.mcu.externaltools.gnu-tools-for-stm32.13.3.rel1.win32_1.0.0.202411081344/tools/bin/../lib/gcc/arm-none-eabi/13.3.1/../../../../arm-none-eabi/lib/thumb/v7e-m+fp/hard\libc_nano.a(libc_a-fwalk.o)
                              C:/ST/STM32CubeIDE_1.19.0/STM32CubeIDE/plugins/com.st.stm32cube.ide.mcu.externaltools.gnu-tools-for-stm32.13.3.rel1.win32_1.0.0.202411081344/tools/bin/../lib/gcc/arm-none-eabi/13.3.1/../../../../arm-none-eabi/lib/thumb/v7e-m+fp/hard\libc_nano.a(libc_a-findfp.o) (_fwalk_sglue)
C:/ST/STM32CubeIDE_1.19.0/STM32CubeIDE/plugins/com.st.stm32cube.ide.mcu.externaltools.gnu-tools-for-stm32.13.3.rel1.win32_1.0.0.202411081344/tools/bin/../lib/gcc/arm-none-eabi/13.3.1/../../../../arm-none-eabi/lib/thumb/v7e-m+fp/hard\libc_nano.a(libc_a-snprintf.o)
                              ./Core/Src/user_interface/led.o (snprintf)
C:/ST/STM32CubeIDE_1.19.0/STM32CubeIDE/plugins/com.st.stm32cube.ide.mcu.externaltools.gnu-tools-for-stm32.13.3.rel1.win32_1.0.0.202411081344/tools/bin/../lib/gcc/arm-none-eabi/13.3.1/../../../../arm-none-eabi/lib/thumb/v7e-m+fp/hard\libc_nano.a(libc_a-stdio.o)
                              C:/ST/STM32CubeIDE_1.19.0/STM32CubeIDE/plugins/com.st.stm32cube.ide.mcu.externaltools.gnu-tools-for-stm32.13.3.rel1.win32_1.0.0.202411081344/tools/bin/../lib/gcc/arm-none-eabi/13.3.1/../../../../arm-none-eabi/lib/thumb/v7e-m+fp/hard\libc_nano.a(libc_a-findfp.o) (__sread)
C:/ST/STM32CubeIDE_1.19.0/STM32CubeIDE/plugins/com.st.stm32cube.ide.mcu.externaltools.gnu-tools-for-stm32.13.3.rel1.win32_1.0.0.202411081344/tools/bin/../lib/gcc/arm-none-eabi/13.3.1/../../../../arm-none-eabi/lib/thumb/v7e-m+fp/hard\libc_nano.a(libc_a-vsnprintf.o)
                              ./Core/Src/motor_control/motor.o (vsnprintf)
C:/ST/STM32CubeIDE_1.19.0/STM32CubeIDE/plugins/com.st.stm32cube.ide.mcu.externaltools.gnu-tools-for-stm32.13.3.rel1.win32_1.0.0.202411081344/tools/bin/../lib/gcc/arm-none-eabi/13.3.1/../../../../arm-none-eabi/lib/thumb/v7e-m+fp/hard\libc_nano.a(libc_a-memset.o)
                              C:/ST/STM32CubeIDE_1.19.0/STM32CubeIDE/plugins/com.st.stm32cube.ide.mcu.externaltools.gnu-tools-for-stm32.13.3.rel1.win32_1.0.0.202411081344/tools/bin/../lib/gcc/arm-none-eabi/13.3.1/../../../../arm-none-eabi/lib/thumb/v7e-m+fp/hard/crt0.o (memset)
C:/ST/STM32CubeIDE_1.19.0/STM32CubeIDE/plugins/com.st.stm32cube.ide.mcu.externaltools.gnu-tools-for-stm32.13.3.rel1.win32_1.0.0.202411081344/tools/bin/../lib/gcc/arm-none-eabi/13.3.1/../../../../arm-none-eabi/lib/thumb/v7e-m+fp/hard\libc_nano.a(libc_a-closer.o)
                              C:/ST/STM32CubeIDE_1.19.0/STM32CubeIDE/plugins/com.st.stm32cube.ide.mcu.externaltools.gnu-tools-for-stm32.13.3.rel1.win32_1.0.0.202411081344/tools/bin/../lib/gcc/arm-none-eabi/13.3.1/../../../../arm-none-eabi/lib/thumb/v7e-m+fp/hard\libc_nano.a(libc_a-stdio.o) (_close_r)
[...]
Memory Configuration

Name             Origin             Length             Attributes
RAM              0x20000000         0x00020000         xrw
FLASH            0x08000000         0x00080000         xr
*default*        0x00000000         0xffffffff

Linker script and memory map

LOAD C:/ST/STM32CubeIDE_1.19.0/STM32CubeIDE/plugins/com.st.stm32cube.ide.mcu.externaltools.gnu-tools-for-stm32.13.3.rel1.win32_1.0.0.202411081344/tools/bin/../lib/gcc/arm-none-eabi/13.3.1/thumb/v7e-m+fp/hard/crti.o
LOAD C:/ST/STM32CubeIDE_1.19.0/STM32CubeIDE/plugins/com.st.stm32cube.ide.mcu.externaltools.gnu-tools-for-stm32.13.3.rel1.win32_1.0.0.202411081344/tools/bin/../lib/gcc/arm-none-eabi/13.3.1/thumb/v7e-m+fp/hard/crtbegin.o
LOAD C:/ST/STM32CubeIDE_1.19.0/STM32CubeIDE/plugins/com.st.stm32cube.ide.mcu.externaltools.gnu-tools-for-stm32.13.3.rel1.win32_1.0.0.202411081344/tools/bin/../lib/gcc/arm-none-eabi/13.3.1/../../../../arm-none-eabi/lib/thumb/v7e-m+fp/hard/crt0.o
LOAD ./Core/Src/acquisition/input_analog.o
LOAD ./Core/Src/acquisition/input_encoder.o
LOAD ./Core/Src/adc.o
LOAD ./Core/Src/app.o
LOAD ./Core/Src/gpio.o
LOAD ./Core/Src/main.o
LOAD ./Core/Src/stm32g4xx_hal_msp.o
LOAD ./Core/Src/stm32g4xx_hal_timebase_tim.o
LOAD ./Core/Src/stm32g4xx_it.o
LOAD ./Core/Src/syscalls.o
LOAD ./Core/Src/sysmem.o
LOAD ./Core/Src/system_stm32g4xx.o
LOAD ./Core/Src/tim.o
LOAD ./Core/Src/usart.o
LOAD ./Core/Src/motor_control/asserv.o
LOAD ./Core/Src/motor_control/motor.o
LOAD ./Core/Src/user_interface/button.o
LOAD ./Core/Src/user_interface/led.o
LOAD ./Core/Src/user_interface/shell.o
LOAD ./Core/Startup/startup_stm32g474retx.o
LOAD ./Drivers/STM32G4xx_HAL_Driver/Src/stm32g4xx_hal.o
LOAD ./Drivers/STM32G4xx_HAL_Driver/Src/stm32g4xx_hal_adc.o
LOAD ./Drivers/STM32G4xx_HAL_Driver/Src/stm32g4xx_hal_adc_ex.o
LOAD ./Drivers/STM32G4xx_HAL_Driver/Src/stm32g4xx_hal_cortex.o
LOAD ./Drivers/STM32G4xx_HAL_Driver/Src/stm32g4xx_hal_dma.o
LOAD ./Drivers/STM32G4xx_HAL_Driver/Src/stm32g4xx_hal_dma_ex.o
LOAD ./Drivers/STM32G4xx_HAL_Driver/Src/stm32g4xx_hal_exti.o
LOAD ./Drivers/STM32G4xx_HAL_Driver/Src/stm32g4xx_hal_flash.o
LOAD ./Drivers/STM32G4xx_HAL_Driver/Src/stm32g4xx_hal_flash_ex.o
LOAD ./Drivers/STM32G4xx_HAL_Driver/Src/stm32g4xx_hal_flash_ramfunc.o
LOAD ./Drivers/STM32G4xx_HAL_Driver/Src/stm32g4xx_hal_gpio.o
LOAD ./Drivers/STM32G4xx_HAL_Driver/Src/stm32g4xx_hal_pwr.o
LOAD ./Drivers/STM32G4xx_HAL_Driver/Src/stm32g4xx_hal_pwr_ex.o
LOAD ./Drivers/STM32G4xx_HAL_Driver/Src/stm32g4xx_hal_rcc.o
LOAD ./Drivers/STM32G4xx_HAL_Driver/Src/stm32g4xx_hal_rcc_ex.o
LOAD ./Drivers/STM32G4xx_HAL_Driver/Src/stm32g4xx_hal_tim.o
LOAD ./Drivers/STM32G4xx_HAL_Driver/Src/stm32g4xx_hal_tim_ex.o
LOAD ./Drivers/STM32G4xx_HAL_Driver/Src/stm32g4xx_hal_uart.o
LOAD ./Drivers/STM32G4xx_HAL_Driver/Src/stm32g4xx_hal_uart_ex.o
LOAD ./Drivers/STM32G4xx_HAL_Driver/Src/stm32g4xx_ll_adc.o
START GROUP
LOAD C:/ST/STM32CubeIDE_1.19.0/STM32CubeIDE/plugins/com.st.stm32cube.ide.mcu.externaltools.gnu-tools-for-stm32.13.3.rel1.win32_1.0.0.202411081344/tools/bin/../lib/gcc/arm-none-eabi/13.3.1/../../../../arm-none-eabi/lib/thumb/v7e-m+fp/hard\libc_nano.a
LOAD C:/ST/STM32CubeIDE_1.19.0/STM32CubeIDE/plugins/com.st.stm32cube.ide.mcu.externaltools.gnu-tools-for-stm32.13.3.rel1.win32_1.0.0.202411081344/tools/bin/../lib/gcc/arm-none-eabi/13.3.1/../../../../arm-none-eabi/lib/thumb/v7e-m+fp/hard\libm.a
END GROUP
START GROUP
LOAD C:/ST/STM32CubeIDE_1.19.0/STM32CubeIDE/plugins/com.st.stm32cube.ide.mcu.externaltools.gnu-tools-for-stm32.13.3.rel1.win32_1.0.0.202411081344/tools/bin/../lib/gcc/arm-none-eabi/13.3.1/thumb/v7e-m+fp/hard\libgcc.a
LOAD C:/ST/STM32CubeIDE_1.19.0/STM32CubeIDE/plugins/com.st.stm32cube.ide.mcu.externaltools.gnu-tools-for-stm32.13.3.rel1.win32_1.0.0.202411081344/tools/bin/../lib/gcc/arm-none-eabi/13.3.1/../../../../arm-none-eabi/lib/thumb/v7e-m+fp/hard\libc_nano.a
END GROUP
START GROUP
LOAD C:/ST/STM32CubeIDE_1.19.0/STM32CubeIDE/plugins/com.st.stm32cube.ide.mcu.externaltools.gnu-tools-for-stm32.13.3.rel1.win32_1.0.0.202411081344/tools/bin/../lib/gcc/arm-none-eabi/13.3.1/thumb/v7e-m+fp/hard\libgcc.a
LOAD C:/ST/STM32CubeIDE_1.19.0/STM32CubeIDE/plugins/com.st.stm32cube.ide.mcu.externaltools.gnu-tools-for-stm32.13.3.rel1.win32_1.0.0.202411081344/tools/bin/../lib/gcc/arm-none-eabi/13.3.1/../../../../arm-none-eabi/lib/thumb/v7e-m+fp/hard\libc_nano.a
LOAD C:/ST/STM32CubeIDE_1.19.0/STM32CubeIDE/plugins/com.st.stm32cube.ide.mcu.externaltools.gnu-tools-for-stm32.13.3.rel1.win32_1.0.0.202411081344/tools/bin/../lib/gcc/arm-none-eabi/13.3.1/../../../../arm-none-eabi/lib/thumb/v7e-m+fp/hard\libnosys.a
END GROUP
START GROUP
LOAD C:/ST/STM32CubeIDE_1.19.0/STM32CubeIDE/plugins/com.st.stm32cube.ide.mcu.externaltools.gnu-tools-for-stm32.13.3.rel1.win32_1.0.0.202411081344/tools/bin/../lib/gcc/arm-none-eabi/13.3.1/thumb/v7e-m+fp/hard\libgcc.a
LOAD C:/ST/STM32CubeIDE_1.19.0/STM32CubeIDE/plugins/com.st.stm32cube.ide.mcu.externaltools.gnu-tools-for-stm32.13.3.rel1.win32_1.0.0.202411081344/tools/bin/../lib/gcc/arm-none-eabi/13.3.1/../../../../arm-none-eabi/lib/thumb/v7e-m+fp/hard\libc_nano.a
LOAD C:/ST/STM32CubeIDE_1.19.0/STM32CubeIDE/plugins/com.st.stm32cube.ide.mcu.externaltools.gnu-tools-for-stm32.13.3.rel1.win32_1.0.0.202411081344/tools/bin/../lib/gcc/arm-none-eabi/13.3.1/../../../../arm-none-eabi/lib/thumb/v7e-m+fp/hard\libnosys.a
END GROUP
LOAD C:/ST/STM32CubeIDE_1.19.0/STM32CubeIDE/plugins/com.st.stm32cube.ide.mcu.externaltools.gnu-tools-for-stm32.13.3.rel1.win32_1.0.0.202411081344/tools/bin/../lib/gcc/arm-none-eabi/13.3.1/thumb/v7e-m+fp/hard/crtend.o
LOAD C:/ST/STM32CubeIDE_1.19.0/STM32CubeIDE/plugins/com.st.stm32cube.ide.mcu.externaltools.gnu-tools-for-stm32.13.3.rel1.win32_1.0.0.202411081344/tools/bin/../lib/gcc/arm-none-eabi/13.3.1/thumb/v7e-m+fp/hard/crtn.o
                0x20020000                        _estack = (ORIGIN (RAM) + LENGTH (RAM))
                0x00000200                        _Min_Heap_Size = 0x200
                0x00000400                        _Min_Stack_Size = 0x400

.isr_vector     0x08000000      0x1d8
                0x08000000                        . = ALIGN (0x4)
 *(.isr_vector)
 .isr_vector    0x08000000      0x1d8 ./Core/Startup/startup_stm32g474retx.o
                0x08000000                g_pfnVectors
                0x080001d8                        . = ALIGN (0x4)

.text           0x080001e0     0x8c8c
                0x080001e0                        . = ALIGN (0x4)
 *(.text)
 .text          0x080001e0       0x40 C:/ST/STM32CubeIDE_1.19.0/STM32CubeIDE/plugins/com.st.stm32cube.ide.mcu.externaltools.gnu-tools-for-stm32.13.3.rel1.win32_1.0.0.202411081344/tools/bin/../lib/gcc/arm-none-eabi/13.3.1/thumb/v7e-m+fp/hard/crtbegin.o
 .text          0x08000220       0x14 C:/ST/STM32CubeIDE_1.19.0/STM32CubeIDE/plugins/com.st.stm32cube.ide.mcu.externaltools.gnu-tools-for-stm32.13.3.rel1.win32_1.0.0.202411081344/tools/bin/../lib/gcc/arm-none-eabi/13.3.1/../../../../arm-none-eabi/lib/thumb/v7e-m+fp/hard\libc_nano.a(libc_a-strcmp.o)
                0x08000220                strcmp
 *fill*         0x08000234        0xc 
 .text          0x08000240       0xa0 C:/ST/STM32CubeIDE_1.19.0/STM32CubeIDE/plugins/com.st.stm32cube.ide.mcu.externaltools.gnu-tools-for-stm32.13.3.rel1.win32_1.0.0.202411081344/tools/bin/../lib/gcc/arm-none-eabi/13.3.1/../../../../arm-none-eabi/lib/thumb/v7e-m+fp/hard\libc_nano.a(libc_a-memchr.o)
                0x08000240                memchr
 .text          0x080002e0       0x30 C:/ST/STM32CubeIDE_1.19.0/STM32CubeIDE/plugins/com.st.stm32cube.ide.mcu.externaltools.gnu-tools-for-stm32.13.3.rel1.win32_1.0.0.202411081344/tools/bin/../lib/gcc/arm-none-eabi/13.3.1/thumb/v7e-m+fp/hard\libgcc.a(_aeabi_uldivmod.o)
                0x080002e0                __aeabi_uldivmod
 .text          0x08000310      0x2f8 C:/ST/STM32CubeIDE_1.19.0/STM32CubeIDE/plugins/com.st.stm32cube.ide.mcu.externaltools.gnu-tools-for-stm32.13.3.rel1.win32_1.0.0.202411081344/tools/bin/../lib/gcc/arm-none-eabi/13.3.1/thumb/v7e-m+fp/hard\libgcc.a(_udivmoddi4.o)
                0x08000310                __udivmoddi4
 .text          0x08000608        0x4 C:/ST/STM32CubeIDE_1.19.0/STM32CubeIDE/plugins/com.st.stm32cube.ide.mcu.externaltools.gnu-tools-for-stm32.13.3.rel1.win32_1.0.0.202411081344/tools/bin/../lib/gcc/arm-none-eabi/13.3.1/thumb/v7e-m+fp/hard\libgcc.a(_dvmd_tls.o)
                0x08000608                __aeabi_idiv0
                0x08000608                __aeabi_ldiv0
 *(.text*)
 .text.MX_ADC1_Init
                0x0800060c       0xf0 ./Core/Src/adc.o
                0x0800060c                MX_ADC1_Init
 .text.MX_ADC2_Init
                0x080006fc       0xcc ./Core/Src/adc.o
                0x080006fc                MX_ADC2_Init
 .text.HAL_ADC_MspInit
                0x080007c8      0x1f4 ./Core/Src/adc.o
                0x080007c8                HAL_ADC_MspInit
 .text.init_device
                0x080009bc       0x6c ./Core/Src/app.o
                0x080009bc                init_device
 .text.shell_uart2_transmit
                0x08000a28       0x2c ./Core/Src/app.o
                0x08000a28                shell_uart2_transmit
 .text.shell_uart2_receive
                0x08000a54       0x28 ./Core/Src/app.o
                0x08000a54                shell_uart2_receive
 .text.HAL_UART_RxCpltCallback
                0x08000a7c       0x3c ./Core/Src/app.o
                0x08000a7c                HAL_UART_RxCpltCallback
 .text.loop     0x08000ab8        0xe ./Core/Src/app.o
                0x08000ab8                loop
 *fill*         0x08000ac6        0x2 
 .text.MX_GPIO_Init
                0x08000ac8      0x120 ./Core/Src/gpio.o
                0x08000ac8                MX_GPIO_Init
 .text.main     0x08000be8       0x32 ./Core/Src/main.o
                0x08000be8                main
 .text.SystemClock_Config
                0x08000c1a       0x92 ./Core/Src/main.o
                0x08000c1a                SystemClock_Config
 .text.HAL_TIM_PeriodElapsedCallback
                0x08000cac       0x24 ./Core/Src/main.o
                0x08000cac                HAL_TIM_PeriodElapsedCallback
 .text.Error_Handler
                0x08000cd0        0xc ./Core/Src/main.o
                0x08000cd0                Error_Handler
 .text.HAL_MspInit
                0x08000cdc       0x48 ./Core/Src/stm32g4xx_hal_msp.o
                0x08000cdc                HAL_MspInit
 .text.HAL_InitTick
                0x08000d24       0xd8 ./Core/Src/stm32g4xx_hal_timebase_tim.o
                0x08000d24                HAL_InitTick
 .text.NMI_Handler
                0x08000dfc        0x8 ./Core/Src/stm32g4xx_it.o
                0x08000dfc                NMI_Handler
 .text.HardFault_Handler
                0x08000e04        0x8 ./Core/Src/stm32g4xx_it.o
                0x08000e04                HardFault_Handler
 .text.MemManage_Handler
                0x08000e0c        0x8 ./Core/Src/stm32g4xx_it.o
                0x08000e0c                MemManage_Handler
 .text.BusFault_Handler
                0x08000e14        0x8 ./Core/Src/stm32g4xx_it.o
                0x08000e14                BusFault_Handler
 .text.UsageFault_Handler
                0x08000e1c        0x8 ./Core/Src/stm32g4xx_it.o
                0x08000e1c                UsageFault_Handler
 .text.SVC_Handler
                0x08000e24        0xe ./Core/Src/stm32g4xx_it.o
                0x08000e24                SVC_Handler
 .text.DebugMon_Handler
                0x08000e32        0xe ./Core/Src/stm32g4xx_it.o
                0x08000e32                DebugMon_Handler
 .text.PendSV_Handler
                0x08000e40        0xe ./Core/Src/stm32g4xx_it.o
                0x08000e40                PendSV_Handler
 .text.SysTick_Handler
                0x08000e4e        0xe ./Core/Src/stm32g4xx_it.o
                0x08000e4e                SysTick_Handler
 .text.USART2_IRQHandler
                0x08000e5c       0x14 ./Core/Src/stm32g4xx_it.o
                0x08000e5c                USART2_IRQHandler
 .text.EXTI15_10_IRQHandler
                0x08000e70       0x10 ./Core/Src/stm32g4xx_it.o
                0x08000e70                EXTI15_10_IRQHandler
 .text.TIM6_DAC_IRQHandler
                0x08000e80       0x14 ./Core/Src/stm32g4xx_it.o
                0x08000e80                TIM6_DAC_IRQHandler
 .text._sbrk    0x08000e94       0x6c ./Core/Src/sysmem.o
                0x08000e94                _sbrk
 .text.SystemInit
                0x08000f00       0x24 ./Core/Src/system_stm32g4xx.o
                0x08000f00                SystemInit
 .text.MX_TIM1_Init
                0x08000f24      0x160 ./Core/Src/tim.o
                0x08000f24                MX_TIM1_Init
 .text.MX_TIM3_Init
                0x08001084       0x98 ./Core/Src/tim.o
                0x08001084                MX_TIM3_Init
 .text.HAL_TIM_PWM_MspInit
                0x0800111c       0x40 ./Core/Src/tim.o
                0x0800111c                HAL_TIM_PWM_MspInit
 .text.HAL_TIMEx_HallSensor_MspInit
                0x0800115c       0xc4 ./Core/Src/tim.o
                0x0800115c                HAL_TIMEx_HallSensor_MspInit
 .text.HAL_TIM_MspPostInit
                0x08001220       0xd0 ./Core/Src/tim.o
                0x08001220                HAL_TIM_MspPostInit
 .text.MX_USART2_UART_Init
                0x080012f0       0x98 ./Core/Src/usart.o
                0x080012f0                MX_USART2_UART_Init
 .text.MX_USART3_UART_Init
                0x08001388       0x98 ./Core/Src/usart.o
                0x08001388                MX_USART3_UART_Init
 .text.HAL_UART_MspInit
                0x08001420      0x140 ./Core/Src/usart.o
                0x08001420                HAL_UART_MspInit
 .text.motor_shell_printf
                0x08001560       0x6e ./Core/Src/motor_control/motor.o
 *fill*         0x080015ce        0x2 
 .text.motor_get_arr
                0x080015d0       0x18 ./Core/Src/motor_control/motor.o
 .text.motor_set_duty_percent
                0x080015e8       0x64 ./Core/Src/motor_control/motor.o
                0x080015e8                motor_set_duty_percent
 .text.motor_init
                0x0800164c        0xe ./Core/Src/motor_control/motor.o
                0x0800164c                motor_init
 *fill*         0x0800165a        0x2 
 .text.motor_start
                0x0800165c       0x60 ./Core/Src/motor_control/motor.o
                0x0800165c                motor_start
 .text.sh_speed
                0x080016bc       0xc4 ./Core/Src/motor_control/motor.o
                0x080016bc                sh_speed
 .text.led_init
                0x08001780       0x28 ./Core/Src/user_interface/led.o
                0x08001780                led_init
 .text.led_control
                0x080017a8      0x164 ./Core/Src/user_interface/led.o
                0x080017a8                led_control
 .text.is_character_valid
                0x0800190c       0x4c ./Core/Src/user_interface/shell.o
 .text.is_string_valid
                0x08001958       0x56 ./Core/Src/user_interface/shell.o
 *fill*         0x080019ae        0x2 
 .text.sh_help  0x080019b0       0xd0 ./Core/Src/user_interface/shell.o
 .text.sh_test_list
                0x08001a80       0x60 ./Core/Src/user_interface/shell.o
 .text.shell_init
                0x08001ae0       0x84 ./Core/Src/user_interface/shell.o
                0x08001ae0                shell_init
 .text.shell_add
                0x08001b64       0x7e ./Core/Src/user_interface/shell.o
                0x08001b64                shell_add
 *fill*         0x08001be2        0x2 
 .text.shell_exec
                0x08001be4       0xdc ./Core/Src/user_interface/shell.o
 .text.shell_run
                0x08001cc0      0x108 ./Core/Src/user_interface/shell.o
                0x08001cc0                shell_run
 .text.Reset_Handler
                0x08001dc8       0x50 ./Core/Startup/startup_stm32g474retx.o
                0x08001dc8                Reset_Handler
 .text.Default_Handler
                0x08001e18        0x2 ./Core/Startup/startup_stm32g474retx.o
                0x08001e18                RTC_Alarm_IRQHandler
                0x08001e18                EXTI2_IRQHandler
                0x08001e18                TIM8_TRG_COM_IRQHandler
                0x08001e18                TIM8_CC_IRQHandler
                0x08001e18                HRTIM1_Master_IRQHandler
                0x08001e18                SPI4_IRQHandler
                0x08001e18                FDCAN3_IT0_IRQHandler
                0x08001e18                TIM1_CC_IRQHandler
                0x08001e18                HRTIM1_FLT_IRQHandler
                0x08001e18                HRTIM1_TIMF_IRQHandler
                0x08001e18                USB_HP_IRQHandler
                0x08001e18                CORDIC_IRQHandler
                0x08001e18                HRTIM1_TIMD_IRQHandler
                0x08001e18                DMA2_Channel8_IRQHandler
                0x08001e18                EXTI3_IRQHandler
                0x08001e18                I2C3_ER_IRQHandler
                0x08001e18                EXTI0_IRQHandler
                0x08001e18                I2C2_EV_IRQHandler
                0x08001e18                FPU_IRQHandler
                0x08001e18                FDCAN1_IT1_IRQHandler
                0x08001e18                TIM1_UP_TIM16_IRQHandler
                0x08001e18                ADC1_2_IRQHandler
                0x08001e18                HRTIM1_TIME_IRQHandler
                0x08001e18                SPI1_IRQHandler
                0x08001e18                HRTIM1_TIMC_IRQHandler
                0x08001e18                TIM8_UP_IRQHandler
                0x08001e18                DMA2_Channel2_IRQHandler
                0x08001e18                DMA1_Channel4_IRQHandler
                0x08001e18                TIM20_TRG_COM_IRQHandler
                0x08001e18                USART3_IRQHandler
                0x08001e18                DMA1_Channel7_IRQHandler
                0x08001e18                UART5_IRQHandler
                0x08001e18                ADC3_IRQHandler
                0x08001e18                TIM4_IRQHandler
                0x08001e18                DMA2_Channel1_IRQHandler
                0x08001e18                QUADSPI_IRQHandler
                0x08001e18                I2C1_EV_IRQHandler
                0x08001e18                DMA1_Channel6_IRQHandler
                0x08001e18                UART4_IRQHandler
                0x08001e18                DMA2_Channel4_IRQHandler
                0x08001e18                TIM3_IRQHandler
                0x08001e18                RCC_IRQHandler
                0x08001e18                TIM20_UP_IRQHandler
                0x08001e18                DMA1_Channel1_IRQHandler
                0x08001e18                Default_Handler
                0x08001e18                DMA2_Channel7_IRQHandler
                0x08001e18                RTC_TAMP_LSECSS_IRQHandler
                0x08001e18                FMAC_IRQHandler
                0x08001e18                DMA1_Channel8_IRQHandler
                0x08001e18                HRTIM1_TIMA_IRQHandler
                0x08001e18                TIM7_DAC_IRQHandler
                0x08001e18                FDCAN3_IT1_IRQHandler
                0x08001e18                TIM5_IRQHandler
                0x08001e18                UCPD1_IRQHandler
                0x08001e18                I2C3_EV_IRQHandler
                0x08001e18                EXTI9_5_IRQHandler
                0x08001e18                RTC_WKUP_IRQHandler
                0x08001e18                PVD_PVM_IRQHandler
                0x08001e18                SPI2_IRQHandler
                0x08001e18                ADC5_IRQHandler
                0x08001e18                DMA2_Channel5_IRQHandler
                0x08001e18                CRS_IRQHandler
                0x08001e18                DMA1_Channel5_IRQHandler
                0x08001e18                USB_LP_IRQHandler
                0x08001e18                EXTI4_IRQHandler
                0x08001e18                RNG_IRQHandler
                0x08001e18                HRTIM1_TIMB_IRQHandler
                0x08001e18                TIM1_TRG_COM_TIM17_IRQHandler
                0x08001e18                FDCAN2_IT1_IRQHandler
                0x08001e18                DMA1_Channel3_IRQHandler
                0x08001e18                ADC4_IRQHandler
                0x08001e18                WWDG_IRQHandler
                0x08001e18                I2C4_EV_IRQHandler
                0x08001e18                FDCAN2_IT0_IRQHandler
                0x08001e18                LPUART1_IRQHandler
                0x08001e18                DMA2_Channel6_IRQHandler
                0x08001e18                FDCAN1_IT0_IRQHandler
                0x08001e18                TIM2_IRQHandler
                0x08001e18                COMP7_IRQHandler
                0x08001e18                COMP1_2_3_IRQHandler
                0x08001e18                EXTI1_IRQHandler
                0x08001e18                COMP4_5_6_IRQHandler
                0x08001e18                TIM20_BRK_IRQHandler
                0x08001e18                I2C2_ER_IRQHandler
                0x08001e18                DMA1_Channel2_IRQHandler
                0x08001e18                TIM8_BRK_IRQHandler
                0x08001e18                FLASH_IRQHandler
                0x08001e18                TIM20_CC_IRQHandler
                0x08001e18                USART1_IRQHandler
                0x08001e18                SPI3_IRQHandler
                0x08001e18                I2C1_ER_IRQHandler
                0x08001e18                FMC_IRQHandler
                0x08001e18                LPTIM1_IRQHandler
                0x08001e18                DMAMUX_OVR_IRQHandler
                0x08001e18                I2C4_ER_IRQHandler
                0x08001e18                USBWakeUp_IRQHandler
                0x08001e18                SAI1_IRQHandler
                0x08001e18                DMA2_Channel3_IRQHandler
                0x08001e18                TIM1_BRK_TIM15_IRQHandler
 .text.HAL_Init
                0x08001e1a       0x30 ./Drivers/STM32G4xx_HAL_Driver/Src/stm32g4xx_hal.o
                0x08001e1a                HAL_Init
 *fill*         0x08001e4a        0x2 
 .text.HAL_IncTick
                0x08001e4c       0x24 ./Drivers/STM32G4xx_HAL_Driver/Src/stm32g4xx_hal.o
                0x08001e4c                HAL_IncTick
 .text.HAL_GetTick
                0x08001e70       0x18 ./Drivers/STM32G4xx_HAL_Driver/Src/stm32g4xx_hal.o
                0x08001e70                HAL_GetTick
 .text.LL_ADC_SetCommonClock
                0x08001e88       0x26 ./Drivers/STM32G4xx_HAL_Driver/Src/stm32g4xx_hal_adc.o
 .text.LL_ADC_SetCommonPathInternalCh
                0x08001eae       0x26 ./Drivers/STM32G4xx_HAL_Driver/Src/stm32g4xx_hal_adc.o
 .text.LL_ADC_GetCommonPathInternalCh
                0x08001ed4       0x1c ./Drivers/STM32G4xx_HAL_Driver/Src/stm32g4xx_hal_adc.o
 .text.LL_ADC_SetOffset
                0x08001ef0       0x48 ./Drivers/STM32G4xx_HAL_Driver/Src/stm32g4xx_hal_adc.o
 .text.LL_ADC_GetOffsetChannel
                0x08001f38       0x2c ./Drivers/STM32G4xx_HAL_Driver/Src/stm32g4xx_hal_adc.o
 .text.LL_ADC_SetOffsetState
                0x08001f64       0x36 ./Drivers/STM32G4xx_HAL_Driver/Src/stm32g4xx_hal_adc.o
 .text.LL_ADC_SetOffsetSign
                0x08001f9a       0x36 ./Drivers/STM32G4xx_HAL_Driver/Src/stm32g4xx_hal_adc.o
 .text.LL_ADC_SetOffsetSaturation
                0x08001fd0       0x36 ./Drivers/STM32G4xx_HAL_Driver/Src/stm32g4xx_hal_adc.o
 .text.LL_ADC_SetSamplingTimeCommonConfig
                0x08002006       0x26 ./Drivers/STM32G4xx_HAL_Driver/Src/stm32g4xx_hal_adc.o
 .text.LL_ADC_REG_SetSequencerRanks
                0x0800202c       0x58 ./Drivers/STM32G4xx_HAL_Driver/Src/stm32g4xx_hal_adc.o
 .text.LL_ADC_SetChannelSamplingTime
                0x08002084       0x56 ./Drivers/STM32G4xx_HAL_Driver/Src/stm32g4xx_hal_adc.o
 *fill*         0x080020da        0x2 
 .text.LL_ADC_SetChannelSingleDiff
                0x080020dc       0x48 ./Drivers/STM32G4xx_HAL_Driver/Src/stm32g4xx_hal_adc.o
 .text.LL_ADC_DisableDeepPowerDown
                0x08002124       0x24 ./Drivers/STM32G4xx_HAL_Driver/Src/stm32g4xx_hal_adc.o
 .text.LL_ADC_IsDeepPowerDownEnabled
                0x08002148       0x28 ./Drivers/STM32G4xx_HAL_Driver/Src/stm32g4xx_hal_adc.o
 .text.LL_ADC_EnableInternalRegulator
                0x08002170       0x28 ./Drivers/STM32G4xx_HAL_Driver/Src/stm32g4xx_hal_adc.o
 .text.LL_ADC_IsInternalRegulatorEnabled
                0x08002198       0x28 ./Drivers/STM32G4xx_HAL_Driver/Src/stm32g4xx_hal_adc.o
 .text.LL_ADC_IsEnabled
                0x080021c0       0x26 ./Drivers/STM32G4xx_HAL_Driver/Src/stm32g4xx_hal_adc.o
 .text.LL_ADC_REG_IsConversionOngoing
                0x080021e6       0x26 ./Drivers/STM32G4xx_HAL_Driver/Src/stm32g4xx_hal_adc.o
 .text.LL_ADC_INJ_IsConversionOngoing
                0x0800220c       0x26 ./Drivers/STM32G4xx_HAL_Driver/Src/stm32g4xx_hal_adc.o
 *fill*         0x08002232        0x2 
 .text.HAL_ADC_Init
                0x08002234      0x378 ./Drivers/STM32G4xx_HAL_Driver/Src/stm32g4xx_hal_adc.o
                0x08002234                HAL_ADC_Init
 .text.HAL_ADC_ConfigChannel
                0x080025ac      0x880 ./Drivers/STM32G4xx_HAL_Driver/Src/stm32g4xx_hal_adc.o
                0x080025ac                HAL_ADC_ConfigChannel
 .text.LL_ADC_IsEnabled
                0x08002e2c       0x26 ./Drivers/STM32G4xx_HAL_Driver/Src/stm32g4xx_hal_adc_ex.o
 .text.LL_ADC_REG_IsConversionOngoing
                0x08002e52       0x26 ./Drivers/STM32G4xx_HAL_Driver/Src/stm32g4xx_hal_adc_ex.o
 .text.HAL_ADCEx_MultiModeConfigChannel
                0x08002e78      0x210 ./Drivers/STM32G4xx_HAL_Driver/Src/stm32g4xx_hal_adc_ex.o
                0x08002e78                HAL_ADCEx_MultiModeConfigChannel
 .text.__NVIC_SetPriorityGrouping
                0x08003088       0x48 ./Drivers/STM32G4xx_HAL_Driver/Src/stm32g4xx_hal_cortex.o
 .text.__NVIC_GetPriorityGrouping
                0x080030d0       0x1c ./Drivers/STM32G4xx_HAL_Driver/Src/stm32g4xx_hal_cortex.o
 .text.__NVIC_EnableIRQ
                0x080030ec       0x3c ./Drivers/STM32G4xx_HAL_Driver/Src/stm32g4xx_hal_cortex.o
 .text.__NVIC_SetPriority
                0x08003128       0x54 ./Drivers/STM32G4xx_HAL_Driver/Src/stm32g4xx_hal_cortex.o
 .text.NVIC_EncodePriority
                0x0800317c       0x66 ./Drivers/STM32G4xx_HAL_Driver/Src/stm32g4xx_hal_cortex.o
 .text.HAL_NVIC_SetPriorityGrouping
                0x080031e2       0x16 ./Drivers/STM32G4xx_HAL_Driver/Src/stm32g4xx_hal_cortex.o
                0x080031e2                HAL_NVIC_SetPriorityGrouping
 .text.HAL_NVIC_SetPriority
                0x080031f8       0x34 ./Drivers/STM32G4xx_HAL_Driver/Src/stm32g4xx_hal_cortex.o
                0x080031f8                HAL_NVIC_SetPriority
 .text.HAL_NVIC_EnableIRQ
                0x0800322c       0x1c ./Drivers/STM32G4xx_HAL_Driver/Src/stm32g4xx_hal_cortex.o
                0x0800322c                HAL_NVIC_EnableIRQ
 .text.HAL_DMA_Abort
                0x08003248       0xb2 ./Drivers/STM32G4xx_HAL_Driver/Src/stm32g4xx_hal_dma.o
                0x08003248                HAL_DMA_Abort
 .text.HAL_DMA_Abort_IT
                0x080032fa       0xce ./Drivers/STM32G4xx_HAL_Driver/Src/stm32g4xx_hal_dma.o
                0x080032fa                HAL_DMA_Abort_IT
 .text.HAL_GPIO_Init
                0x080033c8      0x304 ./Drivers/STM32G4xx_HAL_Driver/Src/stm32g4xx_hal_gpio.o
                0x080033c8                HAL_GPIO_Init
 .text.HAL_GPIO_WritePin
                0x080036cc       0x30 ./Drivers/STM32G4xx_HAL_Driver/Src/stm32g4xx_hal_gpio.o
                0x080036cc                HAL_GPIO_WritePin
 .text.HAL_GPIO_TogglePin
                0x080036fc       0x34 ./Drivers/STM32G4xx_HAL_Driver/Src/stm32g4xx_hal_gpio.o
                0x080036fc                HAL_GPIO_TogglePin
 .text.HAL_GPIO_EXTI_IRQHandler
                0x08003730       0x30 ./Drivers/STM32G4xx_HAL_Driver/Src/stm32g4xx_hal_gpio.o
                0x08003730                HAL_GPIO_EXTI_IRQHandler
 .text.HAL_GPIO_EXTI_Callback
                0x08003760       0x16 ./Drivers/STM32G4xx_HAL_Driver/Src/stm32g4xx_hal_gpio.o
                0x08003760                HAL_GPIO_EXTI_Callback
 *fill*         0x08003776        0x2 
 .text.HAL_PWREx_ControlVoltageScaling
                0x08003778      0x148 ./Drivers/STM32G4xx_HAL_Driver/Src/stm32g4xx_hal_pwr_ex.o
                0x08003778                HAL_PWREx_ControlVoltageScaling
 .text.HAL_PWREx_DisableUCPDDeadBattery
                0x080038c0       0x20 ./Drivers/STM32G4xx_HAL_Driver/Src/stm32g4xx_hal_pwr_ex.o
                0x080038c0                HAL_PWREx_DisableUCPDDeadBattery
 .text.HAL_RCC_OscConfig
                0x080038e0      0x624 ./Drivers/STM32G4xx_HAL_Driver/Src/stm32g4xx_hal_rcc.o
                0x080038e0                HAL_RCC_OscConfig
 .text.HAL_RCC_ClockConfig
                0x08003f04      0x278 ./Drivers/STM32G4xx_HAL_Driver/Src/stm32g4xx_hal_rcc.o
                0x08003f04                HAL_RCC_ClockConfig
 .text.HAL_RCC_GetSysClockFreq
                0x0800417c       0xc4 ./Drivers/STM32G4xx_HAL_Driver/Src/stm32g4xx_hal_rcc.o
                0x0800417c                HAL_RCC_GetSysClockFreq
 .text.HAL_RCC_GetHCLKFreq
                0x08004240       0x18 ./Drivers/STM32G4xx_HAL_Driver/Src/stm32g4xx_hal_rcc.o
                0x08004240                HAL_RCC_GetHCLKFreq
 .text.HAL_RCC_GetPCLK1Freq
                0x08004258       0x2c ./Drivers/STM32G4xx_HAL_Driver/Src/stm32g4xx_hal_rcc.o
                0x08004258                HAL_RCC_GetPCLK1Freq
 .text.HAL_RCC_GetPCLK2Freq
                0x08004284       0x2c ./Drivers/STM32G4xx_HAL_Driver/Src/stm32g4xx_hal_rcc.o
                0x08004284                HAL_RCC_GetPCLK2Freq
 .text.HAL_RCC_GetClockConfig
                0x080042b0       0x64 ./Drivers/STM32G4xx_HAL_Driver/Src/stm32g4xx_hal_rcc.o
                0x080042b0                HAL_RCC_GetClockConfig
 .text.RCC_GetSysClockFreqFromPLLSource
                0x08004314       0x8c ./Drivers/STM32G4xx_HAL_Driver/Src/stm32g4xx_hal_rcc.o
 .text.HAL_RCCEx_PeriphCLKConfig
                0x080043a0      0x49c ./Drivers/STM32G4xx_HAL_Driver/Src/stm32g4xx_hal_rcc_ex.o
                0x080043a0                HAL_RCCEx_PeriphCLKConfig
 .text.HAL_TIM_Base_Init
                0x0800483c       0xae ./Drivers/STM32G4xx_HAL_Driver/Src/stm32g4xx_hal_tim.o
                0x0800483c                HAL_TIM_Base_Init
 .text.HAL_TIM_Base_MspInit
                0x080048ea       0x14 ./Drivers/STM32G4xx_HAL_Driver/Src/stm32g4xx_hal_tim.o
                0x080048ea                HAL_TIM_Base_MspInit
 *fill*         0x080048fe        0x2 
 .text.HAL_TIM_Base_Start_IT
                0x08004900       0xf0 ./Drivers/STM32G4xx_HAL_Driver/Src/stm32g4xx_hal_tim.o
                0x08004900                HAL_TIM_Base_Start_IT
 .text.HAL_TIM_PWM_Init
                0x080049f0       0xae ./Drivers/STM32G4xx_HAL_Driver/Src/stm32g4xx_hal_tim.o
                0x080049f0                HAL_TIM_PWM_Init
 *fill*         0x08004a9e        0x2 
 .text.HAL_TIM_PWM_Start
                0x08004aa0      0x224 ./Drivers/STM32G4xx_HAL_Driver/Src/stm32g4xx_hal_tim.o
                0x08004aa0                HAL_TIM_PWM_Start
 .text.HAL_TIM_IRQHandler
                0x08004cc4      0x29e ./Drivers/STM32G4xx_HAL_Driver/Src/stm32g4xx_hal_tim.o
                0x08004cc4                HAL_TIM_IRQHandler
 *fill*         0x08004f62        0x2 
 .text.HAL_TIM_PWM_ConfigChannel
                0x08004f64      0x228 ./Drivers/STM32G4xx_HAL_Driver/Src/stm32g4xx_hal_tim.o
                0x08004f64                HAL_TIM_PWM_ConfigChannel
 .text.HAL_TIM_OC_DelayElapsedCallback
                0x0800518c       0x14 ./Drivers/STM32G4xx_HAL_Driver/Src/stm32g4xx_hal_tim.o
                0x0800518c                HAL_TIM_OC_DelayElapsedCallback
 .text.HAL_TIM_IC_CaptureCallback
                0x080051a0       0x14 ./Drivers/STM32G4xx_HAL_Driver/Src/stm32g4xx_hal_tim.o
                0x080051a0                HAL_TIM_IC_CaptureCallback
 .text.HAL_TIM_PWM_PulseFinishedCallback
                0x080051b4       0x14 ./Drivers/STM32G4xx_HAL_Driver/Src/stm32g4xx_hal_tim.o
                0x080051b4                HAL_TIM_PWM_PulseFinishedCallback
 .text.HAL_TIM_TriggerCallback
                0x080051c8       0x14 ./Drivers/STM32G4xx_HAL_Driver/Src/stm32g4xx_hal_tim.o
                0x080051c8                HAL_TIM_TriggerCallback
 .text.TIM_Base_SetConfig
                0x080051dc      0x168 ./Drivers/STM32G4xx_HAL_Driver/Src/stm32g4xx_hal_tim.o
                0x080051dc                TIM_Base_SetConfig
 .text.TIM_OC1_SetConfig
                0x08005344      0x134 ./Drivers/STM32G4xx_HAL_Driver/Src/stm32g4xx_hal_tim.o
 .text.TIM_OC2_SetConfig
                0x08005478      0x128 ./Drivers/STM32G4xx_HAL_Driver/Src/stm32g4xx_hal_tim.o
                0x08005478                TIM_OC2_SetConfig
 .text.TIM_OC3_SetConfig
                0x080055a0      0x124 ./Drivers/STM32G4xx_HAL_Driver/Src/stm32g4xx_hal_tim.o
 .text.TIM_OC4_SetConfig
                0x080056c4      0x128 ./Drivers/STM32G4xx_HAL_Driver/Src/stm32g4xx_hal_tim.o
 .text.TIM_OC5_SetConfig
                0x080057ec       0xd4 ./Drivers/STM32G4xx_HAL_Driver/Src/stm32g4xx_hal_tim.o
 .text.TIM_OC6_SetConfig
                0x080058c0       0xd8 ./Drivers/STM32G4xx_HAL_Driver/Src/stm32g4xx_hal_tim.o
 .text.TIM_TI1_SetConfig
                0x08005998       0xe8 ./Drivers/STM32G4xx_HAL_Driver/Src/stm32g4xx_hal_tim.o
                0x08005998                TIM_TI1_SetConfig
 .text.TIM_CCxChannelCmd
                0x08005a80       0x4a ./Drivers/STM32G4xx_HAL_Driver/Src/stm32g4xx_hal_tim.o
                0x08005a80                TIM_CCxChannelCmd
 .text.HAL_TIMEx_HallSensor_Init
                0x08005aca      0x15e ./Drivers/STM32G4xx_HAL_Driver/Src/stm32g4xx_hal_tim_ex.o
                0x08005aca                HAL_TIMEx_HallSensor_Init
 .text.HAL_TIMEx_PWMN_Start
                0x08005c28      0x184 ./Drivers/STM32G4xx_HAL_Driver/Src/stm32g4xx_hal_tim_ex.o
                0x08005c28                HAL_TIMEx_PWMN_Start
 .text.HAL_TIMEx_MasterConfigSynchronization
                0x08005dac      0x12c ./Drivers/STM32G4xx_HAL_Driver/Src/stm32g4xx_hal_tim_ex.o
                0x08005dac                HAL_TIMEx_MasterConfigSynchronization
 .text.HAL_TIMEx_ConfigBreakDeadTime
                0x08005ed8      0x128 ./Drivers/STM32G4xx_HAL_Driver/Src/stm32g4xx_hal_tim_ex.o
                0x08005ed8                HAL_TIMEx_ConfigBreakDeadTime
 .text.HAL_TIMEx_CommutCallback
                0x08006000       0x14 ./Drivers/STM32G4xx_HAL_Driver/Src/stm32g4xx_hal_tim_ex.o
                0x08006000                HAL_TIMEx_CommutCallback
 .text.HAL_TIMEx_BreakCallback
                0x08006014       0x14 ./Drivers/STM32G4xx_HAL_Driver/Src/stm32g4xx_hal_tim_ex.o
                0x08006014                HAL_TIMEx_BreakCallback
 .text.HAL_TIMEx_Break2Callback
                0x08006028       0x14 ./Drivers/STM32G4xx_HAL_Driver/Src/stm32g4xx_hal_tim_ex.o
                0x08006028                HAL_TIMEx_Break2Callback
 .text.HAL_TIMEx_EncoderIndexCallback
                0x0800603c       0x14 ./Drivers/STM32G4xx_HAL_Driver/Src/stm32g4xx_hal_tim_ex.o
                0x0800603c                HAL_TIMEx_EncoderIndexCallback
 .text.HAL_TIMEx_DirectionChangeCallback
                0x08006050       0x14 ./Drivers/STM32G4xx_HAL_Driver/Src/stm32g4xx_hal_tim_ex.o
                0x08006050                HAL_TIMEx_DirectionChangeCallback
 .text.HAL_TIMEx_IndexErrorCallback
                0x08006064       0x14 ./Drivers/STM32G4xx_HAL_Driver/Src/stm32g4xx_hal_tim_ex.o
                0x08006064                HAL_TIMEx_IndexErrorCallback
 .text.HAL_TIMEx_TransitionErrorCallback
                0x08006078       0x14 ./Drivers/STM32G4xx_HAL_Driver/Src/stm32g4xx_hal_tim_ex.o
                0x08006078                HAL_TIMEx_TransitionErrorCallback
 .text.TIM_CCxNChannelCmd
                0x0800608c       0x4a ./Drivers/STM32G4xx_HAL_Driver/Src/stm32g4xx_hal_tim_ex.o
 .text.HAL_UART_Init
                0x080060d6       0xa0 ./Drivers/STM32G4xx_HAL_Driver/Src/stm32g4xx_hal_uart.o
                0x080060d6                HAL_UART_Init
 .text.HAL_UART_Transmit
                0x08006176      0x11c ./Drivers/STM32G4xx_HAL_Driver/Src/stm32g4xx_hal_uart.o
                0x08006176                HAL_UART_Transmit
 *fill*         0x08006292        0x2 
 .text.HAL_UART_Receive_IT
                0x08006294       0x98 ./Drivers/STM32G4xx_HAL_Driver/Src/stm32g4xx_hal_uart.o
                0x08006294                HAL_UART_Receive_IT
 .text.HAL_UART_IRQHandler
                0x0800632c      0x684 ./Drivers/STM32G4xx_HAL_Driver/Src/stm32g4xx_hal_uart.o
                0x0800632c                HAL_UART_IRQHandler
 .text.HAL_UART_TxCpltCallback
                0x080069b0       0x14 ./Drivers/STM32G4xx_HAL_Driver/Src/stm32g4xx_hal_uart.o
                0x080069b0                HAL_UART_TxCpltCallback
 .text.HAL_UART_ErrorCallback
                0x080069c4       0x14 ./Drivers/STM32G4xx_HAL_Driver/Src/stm32g4xx_hal_uart.o
                0x080069c4                HAL_UART_ErrorCallback
 .text.HAL_UARTEx_RxEventCallback
                0x080069d8       0x18 ./Drivers/STM32G4xx_HAL_Driver/Src/stm32g4xx_hal_uart.o
                0x080069d8                HAL_UARTEx_RxEventCallback
 .text.UART_SetConfig
                0x080069f0      0x5f8 ./Drivers/STM32G4xx_HAL_Driver/Src/stm32g4xx_hal_uart.o
                0x080069f0                UART_SetConfig
 .text.UART_AdvFeatureConfig
                0x08006fe8      0x144 ./Drivers/STM32G4xx_HAL_Driver/Src/stm32g4xx_hal_uart.o
                0x08006fe8                UART_AdvFeatureConfig
 .text.UART_CheckIdleState
                0x0800712c      0x154 ./Drivers/STM32G4xx_HAL_Driver/Src/stm32g4xx_hal_uart.o
                0x0800712c                UART_CheckIdleState
 .text.UART_WaitOnFlagUntilTimeout
                0x08007280       0xda ./Drivers/STM32G4xx_HAL_Driver/Src/stm32g4xx_hal_uart.o
                0x08007280                UART_WaitOnFlagUntilTimeout
 *fill*         0x0800735a        0x2 
 .text.UART_Start_Receive_IT
                0x0800735c      0x244 ./Drivers/STM32G4xx_HAL_Driver/Src/stm32g4xx_hal_uart.o
                0x0800735c                UART_Start_Receive_IT
 .text.UART_EndRxTransfer
                0x080075a0       0xcc ./Drivers/STM32G4xx_HAL_Driver/Src/stm32g4xx_hal_uart.o
 .text.UART_DMAAbortOnError
                0x0800766c       0x24 ./Drivers/STM32G4xx_HAL_Driver/Src/stm32g4xx_hal_uart.o
 .text.UART_EndTransmit_IT
                0x08007690       0x56 ./Drivers/STM32G4xx_HAL_Driver/Src/stm32g4xx_hal_uart.o
 *fill*         0x080076e6        0x2 
 .text.UART_RxISR_8BIT
                0x080076e8      0x1b8 ./Drivers/STM32G4xx_HAL_Driver/Src/stm32g4xx_hal_uart.o
 .text.UART_RxISR_16BIT
                0x080078a0      0x1b8 ./Drivers/STM32G4xx_HAL_Driver/Src/stm32g4xx_hal_uart.o
 .text.UART_RxISR_8BIT_FIFOEN
                0x08007a58      0x364 ./Drivers/STM32G4xx_HAL_Driver/Src/stm32g4xx_hal_uart.o
 .text.UART_RxISR_16BIT_FIFOEN
                0x08007dbc      0x36c ./Drivers/STM32G4xx_HAL_Driver/Src/stm32g4xx_hal_uart.o
 .text.HAL_UARTEx_WakeupCallback
                0x08008128       0x14 ./Drivers/STM32G4xx_HAL_Driver/Src/stm32g4xx_hal_uart_ex.o
                0x08008128                HAL_UARTEx_WakeupCallback
 .text.HAL_UARTEx_RxFifoFullCallback
                0x0800813c       0x14 ./Drivers/STM32G4xx_HAL_Driver/Src/stm32g4xx_hal_uart_ex.o
                0x0800813c                HAL_UARTEx_RxFifoFullCallback
 .text.HAL_UARTEx_TxFifoEmptyCallback
                0x08008150       0x14 ./Drivers/STM32G4xx_HAL_Driver/Src/stm32g4xx_hal_uart_ex.o
                0x08008150                HAL_UARTEx_TxFifoEmptyCallback
 .text.HAL_UARTEx_DisableFifoMode
                0x08008164       0x72 ./Drivers/STM32G4xx_HAL_Driver/Src/stm32g4xx_hal_uart_ex.o
                0x08008164                HAL_UARTEx_DisableFifoMode
 .text.HAL_UARTEx_SetTxFifoThreshold
                0x080081d6       0x7c ./Drivers/STM32G4xx_HAL_Driver/Src/stm32g4xx_hal_uart_ex.o
                0x080081d6                HAL_UARTEx_SetTxFifoThreshold
 .text.HAL_UARTEx_SetRxFifoThreshold
                0x08008252       0x7c ./Drivers/STM32G4xx_HAL_Driver/Src/stm32g4xx_hal_uart_ex.o
                0x08008252                HAL_UARTEx_SetRxFifoThreshold
 *fill*         0x080082ce        0x2 
 .text.UARTEx_SetNbDataToProcess
                0x080082d0       0x9c ./Drivers/STM32G4xx_HAL_Driver/Src/stm32g4xx_hal_uart_ex.o
 .text._strtol_l.isra.0
                0x0800836c       0xf4 C:/ST/STM32CubeIDE_1.19.0/STM32CubeIDE/plugins/com.st.stm32cube.ide.mcu.externaltools.gnu-tools-for-stm32.13.3.rel1.win32_1.0.0.202411081344/tools/bin/../lib/gcc/arm-none-eabi/13.3.1/../../../../arm-none-eabi/lib/thumb/v7e-m+fp/hard\libc_nano.a(libc_a-strtol.o)
 .text.strtol   0x08008460       0x14 C:/ST/STM32CubeIDE_1.19.0/STM32CubeIDE/plugins/com.st.stm32cube.ide.mcu.externaltools.gnu-tools-for-stm32.13.3.rel1.win32_1.0.0.202411081344/tools/bin/../lib/gcc/arm-none-eabi/13.3.1/../../../../arm-none-eabi/lib/thumb/v7e-m+fp/hard\libc_nano.a(libc_a-strtol.o)
                0x08008460                strtol
 .text.snprintf
                0x08008474       0x6c C:/ST/STM32CubeIDE_1.19.0/STM32CubeIDE/plugins/com.st.stm32cube.ide.mcu.externaltools.gnu-tools-for-stm32.13.3.rel1.win32_1.0.0.202411081344/tools/bin/../lib/gcc/arm-none-eabi/13.3.1/../../../../arm-none-eabi/lib/thumb/v7e-m+fp/hard\libc_nano.a(libc_a-snprintf.o)
                0x08008474                sniprintf
                0x08008474                snprintf
 .text._vsnprintf_r
                0x080084e0       0x5c C:/ST/STM32CubeIDE_1.19.0/STM32CubeIDE/plugins/com.st.stm32cube.ide.mcu.externaltools.gnu-tools-for-stm32.13.3.rel1.win32_1.0.0.202411081344/tools/bin/../lib/gcc/arm-none-eabi/13.3.1/../../../../arm-none-eabi/lib/thumb/v7e-m+fp/hard\libc_nano.a(libc_a-vsnprintf.o)
                0x080084e0                _vsniprintf_r
                0x080084e0                _vsnprintf_r
 .text.vsnprintf
                0x0800853c       0x1c C:/ST/STM32CubeIDE_1.19.0/STM32CubeIDE/plugins/com.st.stm32cube.ide.mcu.externaltools.gnu-tools-for-stm32.13.3.rel1.win32_1.0.0.202411081344/tools/bin/../lib/gcc/arm-none-eabi/13.3.1/../../../../arm-none-eabi/lib/thumb/v7e-m+fp/hard\libc_nano.a(libc_a-vsnprintf.o)
                0x0800853c                vsniprintf
                0x0800853c                vsnprintf
 .text.memset   0x08008558       0x10 C:/ST/STM32CubeIDE_1.19.0/STM32CubeIDE/plugins/com.st.stm32cube.ide.mcu.externaltools.gnu-tools-for-stm32.13.3.rel1.win32_1.0.0.202411081344/tools/bin/../lib/gcc/arm-none-eabi/13.3.1/../../../../arm-none-eabi/lib/thumb/v7e-m+fp/hard\libc_nano.a(libc_a-memset.o)
                0x08008558                memset
 .text.__errno  0x08008568        0xc C:/ST/STM32CubeIDE_1.19.0/STM32CubeIDE/plugins/com.st.stm32cube.ide.mcu.externaltools.gnu-tools-for-stm32.13.3.rel1.win32_1.0.0.202411081344/tools/bin/../lib/gcc/arm-none-eabi/13.3.1/../../../../arm-none-eabi/lib/thumb/v7e-m+fp/hard\libc_nano.a(libc_a-errno.o)
                0x08008568                __errno
 .text.__libc_init_array
                0x08008574       0x48 C:/ST/STM32CubeIDE_1.19.0/STM32CubeIDE/plugins/com.st.stm32cube.ide.mcu.externaltools.gnu-tools-for-stm32.13.3.rel1.win32_1.0.0.202411081344/tools/bin/../lib/gcc/arm-none-eabi/13.3.1/../../../../arm-none-eabi/lib/thumb/v7e-m+fp/hard\libc_nano.a(libc_a-init.o)
                0x08008574                __libc_init_array
 .text.__retarget_lock_acquire_recursive
                0x080085bc        0x2 C:/ST/STM32CubeIDE_1.19.0/STM32CubeIDE/plugins/com.st.stm32cube.ide.mcu.externaltools.gnu-tools-for-stm32.13.3.rel1.win32_1.0.0.202411081344/tools/bin/../lib/gcc/arm-none-eabi/13.3.1/../../../../arm-none-eabi/lib/thumb/v7e-m+fp/hard\libc_nano.a(libc_a-lock.o)
                0x080085bc                __retarget_lock_acquire_recursive
 .text.__retarget_lock_release_recursive
                0x080085be        0x2 C:/ST/STM32CubeIDE_1.19.0/STM32CubeIDE/plugins/com.st.stm32cube.ide.mcu.externaltools.gnu-tools-for-stm32.13.3.rel1.win32_1.0.0.202411081344/tools/bin/../lib/gcc/arm-none-eabi/13.3.1/../../../../arm-none-eabi/lib/thumb/v7e-m+fp/hard\libc_nano.a(libc_a-lock.o)
                0x080085be                __retarget_lock_release_recursive
 .text._free_r  0x080085c0       0x94 C:/ST/STM32CubeIDE_1.19.0/STM32CubeIDE/plugins/com.st.stm32cube.ide.mcu.externaltools.gnu-tools-for-stm32.13.3.rel1.win32_1.0.0.202411081344/tools/bin/../lib/gcc/arm-none-eabi/13.3.1/../../../../arm-none-eabi/lib/thumb/v7e-m+fp/hard\libc_nano.a(libc_a-freer.o)
                0x080085c0                _free_r
 .text.sbrk_aligned
                0x08008654       0x44 C:/ST/STM32CubeIDE_1.19.0/STM32CubeIDE/plugins/com.st.stm32cube.ide.mcu.externaltools.gnu-tools-for-stm32.13.3.rel1.win32_1.0.0.202411081344/tools/bin/../lib/gcc/arm-none-eabi/13.3.1/../../../../arm-none-eabi/lib/thumb/v7e-m+fp/hard\libc_nano.a(libc_a-mallocr.o)
 .text._malloc_r
                0x08008698      0x100 C:/ST/STM32CubeIDE_1.19.0/STM32CubeIDE/plugins/com.st.stm32cube.ide.mcu.externaltools.gnu-tools-for-stm32.13.3.rel1.win32_1.0.0.202411081344/tools/bin/../lib/gcc/arm-none-eabi/13.3.1/../../../../arm-none-eabi/lib/thumb/v7e-m+fp/hard\libc_nano.a(libc_a-mallocr.o)
                0x08008698                _malloc_r
 .text.__malloc_lock
                0x08008798        0xc C:/ST/STM32CubeIDE_1.19.0/STM32CubeIDE/plugins/com.st.stm32cube.ide.mcu.externaltools.gnu-tools-for-stm32.13.3.rel1.win32_1.0.0.202411081344/tools/bin/../lib/gcc/arm-none-eabi/13.3.1/../../../../arm-none-eabi/lib/thumb/v7e-m+fp/hard\libc_nano.a(libc_a-mlock.o)
                0x08008798                __malloc_lock
 .text.__malloc_unlock
                0x080087a4        0xc C:/ST/STM32CubeIDE_1.19.0/STM32CubeIDE/plugins/com.st.stm32cube.ide.mcu.externaltools.gnu-tools-for-stm32.13.3.rel1.win32_1.0.0.202411081344/tools/bin/../lib/gcc/arm-none-eabi/13.3.1/../../../../arm-none-eabi/lib/thumb/v7e-m+fp/hard\libc_nano.a(libc_a-mlock.o)
                0x080087a4                __malloc_unlock
 .text.__ssputs_r
                0x080087b0       0xb6 C:/ST/STM32CubeIDE_1.19.0/STM32CubeIDE/plugins/com.st.stm32cube.ide.mcu.externaltools.gnu-tools-for-stm32.13.3.rel1.win32_1.0.0.202411081344/tools/bin/../lib/gcc/arm-none-eabi/13.3.1/../../../../arm-none-eabi/lib/thumb/v7e-m+fp/hard\libc_nano.a(libc_a-nano-svfprintf.o)
                0x080087b0                __ssputs_r
 *fill*         0x08008866        0x2 
 .text._svfprintf_r
                0x08008868      0x1f8 C:/ST/STM32CubeIDE_1.19.0/STM32CubeIDE/plugins/com.st.stm32cube.ide.mcu.externaltools.gnu-tools-for-stm32.13.3.rel1.win32_1.0.0.202411081344/tools/bin/../lib/gcc/arm-none-eabi/13.3.1/../../../../arm-none-eabi/lib/thumb/v7e-m+fp/hard\libc_nano.a(libc_a-nano-svfprintf.o)
                0x08008868                _svfiprintf_r
                0x08008868                _svfprintf_r
 .text._printf_common
                0x08008a60       0xda C:/ST/STM32CubeIDE_1.19.0/STM32CubeIDE/plugins/com.st.stm32cube.ide.mcu.externaltools.gnu-tools-for-stm32.13.3.rel1.win32_1.0.0.202411081344/tools/bin/../lib/gcc/arm-none-eabi/13.3.1/../../../../arm-none-eabi/lib/thumb/v7e-m+fp/hard\libc_nano.a(libc_a-nano-vfprintf_i.o)
                0x08008a60                _printf_common
 *fill*         0x08008b3a        0x2 
 .text._printf_i
                0x08008b3c      0x23c C:/ST/STM32CubeIDE_1.19.0/STM32CubeIDE/plugins/com.st.stm32cube.ide.mcu.externaltools.gnu-tools-for-stm32.13.3.rel1.win32_1.0.0.202411081344/tools/bin/../lib/gcc/arm-none-eabi/13.3.1/../../../../arm-none-eabi/lib/thumb/v7e-m+fp/hard\libc_nano.a(libc_a-nano-vfprintf_i.o)
                0x08008b3c                _printf_i
 .text.memmove  0x08008d78       0x34 C:/ST/STM32CubeIDE_1.19.0/STM32CubeIDE/plugins/com.st.stm32cube.ide.mcu.externaltools.gnu-tools-for-stm32.13.3.rel1.win32_1.0.0.202411081344/tools/bin/../lib/gcc/arm-none-eabi/13.3.1/../../../../arm-none-eabi/lib/thumb/v7e-m+fp/hard\libc_nano.a(libc_a-memmove.o)
                0x08008d78                memmove
 .text._sbrk_r  0x08008dac       0x20 C:/ST/STM32CubeIDE_1.19.0/STM32CubeIDE/plugins/com.st.stm32cube.ide.mcu.externaltools.gnu-tools-for-stm32.13.3.rel1.win32_1.0.0.202411081344/tools/bin/../lib/gcc/arm-none-eabi/13.3.1/../../../../arm-none-eabi/lib/thumb/v7e-m+fp/hard\libc_nano.a(libc_a-sbrkr.o)
                0x08008dac                _sbrk_r
 .text.memcpy   0x08008dcc       0x1c C:/ST/STM32CubeIDE_1.19.0/STM32CubeIDE/plugins/com.st.stm32cube.ide.mcu.externaltools.gnu-tools-for-stm32.13.3.rel1.win32_1.0.0.202411081344/tools/bin/../lib/gcc/arm-none-eabi/13.3.1/../../../../arm-none-eabi/lib/thumb/v7e-m+fp/hard\libc_nano.a(libc_a-memcpy-stub.o)
                0x08008dcc                memcpy
 .text._realloc_r
                0x08008de8       0x5c C:/ST/STM32CubeIDE_1.19.0/STM32CubeIDE/plugins/com.st.stm32cube.ide.mcu.externaltools.gnu-tools-for-stm32.13.3.rel1.win32_1.0.0.202411081344/tools/bin/../lib/gcc/arm-none-eabi/13.3.1/../../../../arm-none-eabi/lib/thumb/v7e-m+fp/hard\libc_nano.a(libc_a-reallocr.o)
                0x08008de8                _realloc_r
 .text._malloc_usable_size_r
                0x08008e44       0x10 C:/ST/STM32CubeIDE_1.19.0/STM32CubeIDE/plugins/com.st.stm32cube.ide.mcu.externaltools.gnu-tools-for-stm32.13.3.rel1.win32_1.0.0.202411081344/tools/bin/../lib/gcc/arm-none-eabi/13.3.1/../../../../arm-none-eabi/lib/thumb/v7e-m+fp/hard\libc_nano.a(libc_a-msizer.o)
                0x08008e44                _malloc_usable_size_r
 *(.glue_7)
 .glue_7        0x08008e54        0x0 linker stubs
 *(.glue_7t)
 .glue_7t       0x08008e54        0x0 linker stubs
 *(.eh_frame)
 .eh_frame      0x08008e54        0x0 C:/ST/STM32CubeIDE_1.19.0/STM32CubeIDE/plugins/com.st.stm32cube.ide.mcu.externaltools.gnu-tools-for-stm32.13.3.rel1.win32_1.0.0.202411081344/tools/bin/../lib/gcc/arm-none-eabi/13.3.1/thumb/v7e-m+fp/hard/crtbegin.o
 *(.init)
 .init          0x08008e54        0x4 C:/ST/STM32CubeIDE_1.19.0/STM32CubeIDE/plugins/com.st.stm32cube.ide.mcu.externaltools.gnu-tools-for-stm32.13.3.rel1.win32_1.0.0.202411081344/tools/bin/../lib/gcc/arm-none-eabi/13.3.1/thumb/v7e-m+fp/hard/crti.o
                0x08008e54                _init
 .init          0x08008e58        0x8 C:/ST/STM32CubeIDE_1.19.0/STM32CubeIDE/plugins/com.st.stm32cube.ide.mcu.externaltools.gnu-tools-for-stm32.13.3.rel1.win32_1.0.0.202411081344/tools/bin/../lib/gcc/arm-none-eabi/13.3.1/thumb/v7e-m+fp/hard/crtn.o
 *(.fini)
 .fini          0x08008e60        0x4 C:/ST/STM32CubeIDE_1.19.0/STM32CubeIDE/plugins/com.st.stm32cube.ide.mcu.externaltools.gnu-tools-for-stm32.13.3.rel1.win32_1.0.0.202411081344/tools/bin/../lib/gcc/arm-none-eabi/13.3.1/thumb/v7e-m+fp/hard/crti.o
                0x08008e60                _fini
 .fini          0x08008e64        0x8 C:/ST/STM32CubeIDE_1.19.0/STM32CubeIDE/plugins/com.st.stm32cube.ide.mcu.externaltools.gnu-tools-for-stm32.13.3.rel1.win32_1.0.0.202411081344/tools/bin/../lib/gcc/arm-none-eabi/13.3.1/thumb/v7e-m+fp/hard/crtn.o
                0x08008e6c                        . = ALIGN (0x4)
                0x08008e6c                        _etext = .

.vfp11_veneer   0x08008e6c        0x0
 .vfp11_veneer  0x08008e6c        0x0 linker stubs

.v4_bx          0x08008e6c        0x0
 .v4_bx         0x08008e6c        0x0 linker stubs

.iplt           0x08008e6c        0x0
 .iplt          0x08008e6c        0x0 C:/ST/STM32CubeIDE_1.19.0/STM32CubeIDE/plugins/com.st.stm32cube.ide.mcu.externaltools.gnu-tools-for-stm32.13.3.rel1.win32_1.0.0.202411081344/tools/bin/../lib/gcc/arm-none-eabi/13.3.1/thumb/v7e-m+fp/hard/crtbegin.o

.rodata         0x08008e6c      0x340
                0x08008e6c                        . = ALIGN (0x4)
 *(.rodata)
 .rodata        0x08008e6c       0x26 ./Core/Src/app.o
 *fill*         0x08008e92        0x2 
 .rodata        0x08008e94       0x5c ./Core/Src/motor_control/motor.o
 .rodata        0x08008ef0       0x6d ./Core/Src/user_interface/led.o
 *fill*         0x08008f5d        0x3 
 .rodata        0x08008f60       0xd8 ./Core/Src/user_interface/shell.o
 *(.rodata*)
 .rodata.AHBPrescTable
                0x08009038       0x10 ./Core/Src/system_stm32g4xx.o
                0x08009038                AHBPrescTable
 .rodata.APBPrescTable
                0x08009048        0x8 ./Core/Src/system_stm32g4xx.o
                0x08009048                APBPrescTable
 .rodata.UARTPrescTable
                0x08009050       0x18 ./Drivers/STM32G4xx_HAL_Driver/Src/stm32g4xx_hal_uart.o
                0x08009050                UARTPrescTable
 .rodata.numerator.1
                0x08009068        0x8 ./Drivers/STM32G4xx_HAL_Driver/Src/stm32g4xx_hal_uart_ex.o
 .rodata.denominator.0
                0x08009070        0x8 ./Drivers/STM32G4xx_HAL_Driver/Src/stm32g4xx_hal_uart_ex.o
 .rodata._ctype_
                0x08009078      0x101 C:/ST/STM32CubeIDE_1.19.0/STM32CubeIDE/plugins/com.st.stm32cube.ide.mcu.externaltools.gnu-tools-for-stm32.13.3.rel1.win32_1.0.0.202411081344/tools/bin/../lib/gcc/arm-none-eabi/13.3.1/../../../../arm-none-eabi/lib/thumb/v7e-m+fp/hard\libc_nano.a(libc_a-ctype_.o)
                0x08009078                _ctype_
 .rodata._svfprintf_r.str1.1
                0x08009179       0x33 C:/ST/STM32CubeIDE_1.19.0/STM32CubeIDE/plugins/com.st.stm32cube.ide.mcu.externaltools.gnu-tools-for-stm32.13.3.rel1.win32_1.0.0.202411081344/tools/bin/../lib/gcc/arm-none-eabi/13.3.1/../../../../arm-none-eabi/lib/thumb/v7e-m+fp/hard\libc_nano.a(libc_a-nano-svfprintf.o)
                                 0x11 (size before relaxing)
 .rodata._printf_i.str1.1
                0x080091ac       0x22 C:/ST/STM32CubeIDE_1.19.0/STM32CubeIDE/plugins/com.st.stm32cube.ide.mcu.externaltools.gnu-tools-for-stm32.13.3.rel1.win32_1.0.0.202411081344/tools/bin/../lib/gcc/arm-none-eabi/13.3.1/../../../../arm-none-eabi/lib/thumb/v7e-m+fp/hard\libc_nano.a(libc_a-nano-vfprintf_i.o)
                0x080091d0                        . = ALIGN (0x4)

.ARM.extab      0x080091ac        0x0
                0x080091ac                        . = ALIGN (0x4)
 *(.ARM.extab* .gnu.linkonce.armextab.*)
                0x080091ac                        . = ALIGN (0x4)

.ARM            0x080091ac        0x8
                0x080091ac                        . = ALIGN (0x4)
                0x080091ac                        __exidx_start = .
 *(.ARM.exidx*)
 .ARM.exidx     0x080091ac        0x8 C:/ST/STM32CubeIDE_1.19.0/STM32CubeIDE/plugins/com.st.stm32cube.ide.mcu.externaltools.gnu-tools-for-stm32.13.3.rel1.win32_1.0.0.202411081344/tools/bin/../lib/gcc/arm-none-eabi/13.3.1/../../../../arm-none-eabi/lib/thumb/v7e-m+fp/hard\libc_nano.a(libc_a-strcmp.o)
 .ARM.exidx     0x080091b4        0x0 C:/ST/STM32CubeIDE_1.19.0/STM32CubeIDE/plugins/com.st.stm32cube.ide.mcu.externaltools.gnu-tools-for-stm32.13.3.rel1.win32_1.0.0.202411081344/tools/bin/../lib/gcc/arm-none-eabi/13.3.1/../../../../arm-none-eabi/lib/thumb/v7e-m+fp/hard\libc_nano.a(libc_a-memchr.o)
                                  0x8 (size before relaxing)
 .ARM.exidx     0x080091b4        0x0 C:/ST/STM32CubeIDE_1.19.0/STM32CubeIDE/plugins/com.st.stm32cube.ide.mcu.externaltools.gnu-tools-for-stm32.13.3.rel1.win32_1.0.0.202411081344/tools/bin/../lib/gcc/arm-none-eabi/13.3.1/thumb/v7e-m+fp/hard\libgcc.a(_udivmoddi4.o)
                                  0x8 (size before relaxing)
                0x080091b4                        __exidx_end = .
                0x080091b4                        . = ALIGN (0x4)

.preinit_array  0x080091b4        0x0
                0x080091b4                        . = ALIGN (0x4)
                0x080091b4                        PROVIDE (__preinit_array_start = .)
 *(.preinit_array*)
                0x080091b4                        PROVIDE (__preinit_array_end = .)
                0x080091b4                        . = ALIGN (0x4)

.init_array     0x080091b4        0x4
                0x080091b4                        . = ALIGN (0x4)
                0x080091b4                        PROVIDE (__init_array_start = .)
 *(SORT_BY_NAME(.init_array.*))
 *(.init_array*)
 .init_array    0x080091b4        0x4 C:/ST/STM32CubeIDE_1.19.0/STM32CubeIDE/plugins/com.st.stm32cube.ide.mcu.externaltools.gnu-tools-for-stm32.13.3.rel1.win32_1.0.0.202411081344/tools/bin/../lib/gcc/arm-none-eabi/13.3.1/thumb/v7e-m+fp/hard/crtbegin.o
                0x080091b8                        PROVIDE (__init_array_end = .)
                0x080091b8                        . = ALIGN (0x4)

.fini_array     0x080091b8        0x4
                0x080091b8                        . = ALIGN (0x4)
                [!provide]                        PROVIDE (__fini_array_start = .)
 *(SORT_BY_NAME(.fini_array.*))
 *(.fini_array*)
 .fini_array    0x080091b8        0x4 C:/ST/STM32CubeIDE_1.19.0/STM32CubeIDE/plugins/com.st.stm32cube.ide.mcu.externaltools.gnu-tools-for-stm32.13.3.rel1.win32_1.0.0.202411081344/tools/bin/../lib/gcc/arm-none-eabi/13.3.1/thumb/v7e-m+fp/hard/crtbegin.o
                [!provide]                        PROVIDE (__fini_array_end = .)
                0x080091bc                        . = ALIGN (0x4)
                0x080091bc                        _sidata = LOADADDR (.data)

.rel.dyn        0x080091bc        0x0
 .rel.iplt      0x080091bc        0x0 C:/ST/STM32CubeIDE_1.19.0/STM32CubeIDE/plugins/com.st.stm32cube.ide.mcu.externaltools.gnu-tools-for-stm32.13.3.rel1.win32_1.0.0.202411081344/tools/bin/../lib/gcc/arm-none-eabi/13.3.1/thumb/v7e-m+fp/hard/crtbegin.o

.data           0x20000000       0x5c load address 0x080091bc
                0x20000000                        . = ALIGN (0x4)
                0x20000000                        _sdata = .
 *(.data)
 *(.data*)
 .data.SystemCoreClock
                0x20000000        0x4 ./Core/Src/system_stm32g4xx.o
                0x20000000                SystemCoreClock
 .data.uwTickPrio
                0x20000004        0x4 ./Drivers/STM32G4xx_HAL_Driver/Src/stm32g4xx_hal.o
                0x20000004                uwTickPrio
 .data.uwTickFreq
                0x20000008        0x4 ./Drivers/STM32G4xx_HAL_Driver/Src/stm32g4xx_hal.o
                0x20000008                uwTickFreq
 .data._impure_ptr
                0x2000000c        0x4 C:/ST/STM32CubeIDE_1.19.0/STM32CubeIDE/plugins/com.st.stm32cube.ide.mcu.externaltools.gnu-tools-for-stm32.13.3.rel1.win32_1.0.0.202411081344/tools/bin/../lib/gcc/arm-none-eabi/13.3.1/../../../../arm-none-eabi/lib/thumb/v7e-m+fp/hard\libc_nano.a(libc_a-impure.o)
                0x2000000c                _impure_ptr
 .data._impure_data
                0x20000010       0x4c C:/ST/STM32CubeIDE_1.19.0/STM32CubeIDE/plugins/com.st.stm32cube.ide.mcu.externaltools.gnu-tools-for-stm32.13.3.rel1.win32_1.0.0.202411081344/tools/bin/../lib/gcc/arm-none-eabi/13.3.1/../../../../arm-none-eabi/lib/thumb/v7e-m+fp/hard\libc_nano.a(libc_a-impure.o)
                0x20000010                _impure_data
 *(.RamFunc)
 *(.RamFunc*)
                0x2000005c                        . = ALIGN (0x4)
                0x2000005c                        _edata = .

.igot.plt       0x2000005c        0x0 load address 0x08009218
 .igot.plt      0x2000005c        0x0 C:/ST/STM32CubeIDE_1.19.0/STM32CubeIDE/plugins/com.st.stm32cube.ide.mcu.externaltools.gnu-tools-for-stm32.13.3.rel1.win32_1.0.0.202411081344/tools/bin/../lib/gcc/arm-none-eabi/13.3.1/thumb/v7e-m+fp/hard/crtbegin.o
                0x2000005c                        . = ALIGN (0x4)

.bss            0x2000005c      0x7e8 load address 0x08009218
                0x2000005c                        _sbss = .
                0x2000005c                        __bss_start__ = _sbss
 *(.bss)
 .bss           0x2000005c       0x1c C:/ST/STM32CubeIDE_1.19.0/STM32CubeIDE/plugins/com.st.stm32cube.ide.mcu.externaltools.gnu-tools-for-stm32.13.3.rel1.win32_1.0.0.202411081344/tools/bin/../lib/gcc/arm-none-eabi/13.3.1/thumb/v7e-m+fp/hard/crtbegin.o
 *(.bss*)
 .bss.hadc1     0x20000078       0x6c ./Core/Src/adc.o
                0x20000078                hadc1
 .bss.hadc2     0x200000e4       0x6c ./Core/Src/adc.o
                0x200000e4                hadc2
 .bss.HAL_RCC_ADC12_CLK_ENABLED
                0x20000150        0x4 ./Core/Src/adc.o
 .bss.shell_uart2_received_char
                0x20000154        0x1 ./Core/Src/app.o
 *fill*         0x20000155        0x3 
 .bss.htim6     0x20000158       0x4c ./Core/Src/stm32g4xx_hal_timebase_tim.o
                0x20000158                htim6
 .bss.__sbrk_heap_end
                0x200001a4        0x4 ./Core/Src/sysmem.o
 .bss.htim1     0x200001a8       0x4c ./Core/Src/tim.o
                0x200001a8                htim1
 .bss.htim3     0x200001f4       0x4c ./Core/Src/tim.o
                0x200001f4                htim3
 .bss.huart2    0x20000240       0x94 ./Core/Src/usart.o
                0x20000240                huart2
 .bss.huart3    0x200002d4       0x94 ./Core/Src/usart.o
                0x200002d4                huart3
 .bss.hshell1   0x20000368      0x38c ./Core/Src/user_interface/shell.o
                0x20000368                hshell1
 .bss.cmd_buffer_index.0
                0x200006f4        0x4 ./Core/Src/user_interface/shell.o
 .bss.uwTick    0x200006f8        0x4 ./Drivers/STM32G4xx_HAL_Driver/Src/stm32g4xx_hal.o
                0x200006f8                uwTick
 .bss.__sf      0x200006fc      0x138 C:/ST/STM32CubeIDE_1.19.0/STM32CubeIDE/plugins/com.st.stm32cube.ide.mcu.externaltools.gnu-tools-for-stm32.13.3.rel1.win32_1.0.0.202411081344/tools/bin/../lib/gcc/arm-none-eabi/13.3.1/../../../../arm-none-eabi/lib/thumb/v7e-m+fp/hard\libc_nano.a(libc_a-findfp.o)
                0x200006fc                __sf
 .bss.errno     0x20000834        0x4 C:/ST/STM32CubeIDE_1.19.0/STM32CubeIDE/plugins/com.st.stm32cube.ide.mcu.externaltools.gnu-tools-for-stm32.13.3.rel1.win32_1.0.0.202411081344/tools/bin/../lib/gcc/arm-none-eabi/13.3.1/../../../../arm-none-eabi/lib/thumb/v7e-m+fp/hard\libc_nano.a(libc_a-reent.o)
                0x20000834                errno
 .bss.__lock___malloc_recursive_mutex
                0x20000838        0x1 C:/ST/STM32CubeIDE_1.19.0/STM32CubeIDE/plugins/com.st.stm32cube.ide.mcu.externaltools.gnu-tools-for-stm32.13.3.rel1.win32_1.0.0.202411081344/tools/bin/../lib/gcc/arm-none-eabi/13.3.1/../../../../arm-none-eabi/lib/thumb/v7e-m+fp/hard\libc_nano.a(libc_a-lock.o)
                0x20000838                __lock___malloc_recursive_mutex
 *fill*         0x20000839        0x3 
 .bss.__malloc_sbrk_start
                0x2000083c        0x4 C:/ST/STM32CubeIDE_1.19.0/STM32CubeIDE/plugins/com.st.stm32cube.ide.mcu.externaltools.gnu-tools-for-stm32.13.3.rel1.win32_1.0.0.202411081344/tools/bin/../lib/gcc/arm-none-eabi/13.3.1/../../../../arm-none-eabi/lib/thumb/v7e-m+fp/hard\libc_nano.a(libc_a-mallocr.o)
                0x2000083c                __malloc_sbrk_start
 .bss.__malloc_free_list
                0x20000840        0x4 C:/ST/STM32CubeIDE_1.19.0/STM32CubeIDE/plugins/com.st.stm32cube.ide.mcu.externaltools.gnu-tools-for-stm32.13.3.rel1.win32_1.0.0.202411081344/tools/bin/../lib/gcc/arm-none-eabi/13.3.1/../../../../arm-none-eabi/lib/thumb/v7e-m+fp/hard\libc_nano.a(libc_a-mallocr.o)
                0x20000840                __malloc_free_list
 *(COMMON)
                0x20000844                        . = ALIGN (0x4)
                0x20000844                        _ebss = .
                0x20000844                        __bss_end__ = _ebss

._user_heap_stack
                0x20000844      0x604 load address 0x08009218
                0x20000848                        . = ALIGN (0x8)
 *fill*         0x20000844        0x4 
                [!provide]                        PROVIDE (end = .)
                0x20000848                        PROVIDE (_end = .)
                0x20000a48                        . = (. + _Min_Heap_Size)
 *fill*         0x20000848      0x200 
                0x20000e48                        . = (. + _Min_Stack_Size)
 *fill*         0x20000a48      0x400 
                0x20000e48                        . = ALIGN (0x8)

/DISCARD/
 libc.a(*)
 libm.a(*)
 libgcc.a(*)

.ARM.attributes
                0x00000000       0x30
 *(.ARM.attributes)
 .ARM.attributes
                0x00000000       0x22 C:/ST/STM32CubeIDE_1.19.0/STM32CubeIDE/plugins/com.st.stm32cube.ide.mcu.externaltools.gnu-tools-for-stm32.13.3.rel1.win32_1.0.0.202411081344/tools/bin/../lib/gcc/arm-none-eabi/13.3.1/thumb/v7e-m+fp/hard/crti.o
 .ARM.attributes
                0x00000022       0x34 C:/ST/STM32CubeIDE_1.19.0/STM32CubeIDE/plugins/com.st.stm32cube.ide.mcu.externaltools.gnu-tools-for-stm32.13.3.rel1.win32_1.0.0.202411081344/tools/bin/../lib/gcc/arm-none-eabi/13.3.1/thumb/v7e-m+fp/hard/crtbegin.o
 .ARM.attributes
                0x00000056       0x34 ./Core/Src/adc.o
 .ARM.attributes
                0x0000008a       0x34 ./Core/Src/app.o
 .ARM.attributes
                0x000000be       0x34 ./Core/Src/gpio.o
 .ARM.attributes
                0x000000f2       0x34 ./Core/Src/main.o
 .ARM.attributes
                0x00000126       0x34 ./Core/Src/stm32g4xx_hal_msp.o
 .ARM.attributes
                0x0000015a       0x34 ./Core/Src/stm32g4xx_hal_timebase_tim.o
 .ARM.attributes
                0x0000018e       0x34 ./Core/Src/stm32g4xx_it.o
 .ARM.attributes
                0x000001c2       0x34 ./Core/Src/sysmem.o
 .ARM.attributes
                0x000001f6       0x34 ./Core/Src/system_stm32g4xx.o
 .ARM.attributes
                0x0000022a       0x34 ./Core/Src/tim.o
 .ARM.attributes
                0x0000025e       0x34 ./Core/Src/usart.o
 .ARM.attributes
                0x00000292       0x34 ./Core/Src/motor_control/motor.o
 .ARM.attributes
                0x000002c6       0x34 ./Core/Src/user_interface/led.o
 .ARM.attributes
                0x000002fa       0x34 ./Core/Src/user_interface/shell.o
 .ARM.attributes
                0x0000032e       0x21 ./Core/Startup/startup_stm32g474retx.o
 .ARM.attributes
                0x0000034f       0x34 ./Drivers/STM32G4xx_HAL_Driver/Src/stm32g4xx_hal.o
 .ARM.attributes
                0x00000383       0x34 ./Drivers/STM32G4xx_HAL_Driver/Src/stm32g4xx_hal_adc.o
 .ARM.attributes
                0x000003b7       0x34 ./Drivers/STM32G4xx_HAL_Driver/Src/stm32g4xx_hal_adc_ex.o
 .ARM.attributes
                0x000003eb       0x34 ./Drivers/STM32G4xx_HAL_Driver/Src/stm32g4xx_hal_cortex.o
 .ARM.attributes
                0x0000041f       0x34 ./Drivers/STM32G4xx_HAL_Driver/Src/stm32g4xx_hal_dma.o
 .ARM.attributes
                0x00000453       0x34 ./Drivers/STM32G4xx_HAL_Driver/Src/stm32g4xx_hal_gpio.o
 .ARM.attributes
                0x00000487       0x34 ./Drivers/STM32G4xx_HAL_Driver/Src/stm32g4xx_hal_pwr_ex.o
 .ARM.attributes
                0x000004bb       0x34 ./Drivers/STM32G4xx_HAL_Driver/Src/stm32g4xx_hal_rcc.o
 .ARM.attributes
                0x000004ef       0x34 ./Drivers/STM32G4xx_HAL_Driver/Src/stm32g4xx_hal_rcc_ex.o
 .ARM.attributes
                0x00000523       0x34 ./Drivers/STM32G4xx_HAL_Driver/Src/stm32g4xx_hal_tim.o
 .ARM.attributes
                0x00000557       0x34 ./Drivers/STM32G4xx_HAL_Driver/Src/stm32g4xx_hal_tim_ex.o
 .ARM.attributes
                0x0000058b       0x34 ./Drivers/STM32G4xx_HAL_Driver/Src/stm32g4xx_hal_uart.o
 .ARM.attributes
                0x000005bf       0x34 ./Drivers/STM32G4xx_HAL_Driver/Src/stm32g4xx_hal_uart_ex.o
 .ARM.attributes
                0x000005f3       0x34 C:/ST/STM32CubeIDE_1.19.0/STM32CubeIDE/plugins/com.st.stm32cube.ide.mcu.externaltools.gnu-tools-for-stm32.13.3.rel1.win32_1.0.0.202411081344/tools/bin/../lib/gcc/arm-none-eabi/13.3.1/../../../../arm-none-eabi/lib/thumb/v7e-m+fp/hard\libc_nano.a(libc_a-strtol.o)
 .ARM.attributes
                0x00000627       0x34 C:/ST/STM32CubeIDE_1.19.0/STM32CubeIDE/plugins/com.st.stm32cube.ide.mcu.externaltools.gnu-tools-for-stm32.13.3.rel1.win32_1.0.0.202411081344/tools/bin/../lib/gcc/arm-none-eabi/13.3.1/../../../../arm-none-eabi/lib/thumb/v7e-m+fp/hard\libc_nano.a(libc_a-ctype_.o)
 .ARM.attributes
                0x0000065b       0x34 C:/ST/STM32CubeIDE_1.19.0/STM32CubeIDE/plugins/com.st.stm32cube.ide.mcu.externaltools.gnu-tools-for-stm32.13.3.rel1.win32_1.0.0.202411081344/tools/bin/../lib/gcc/arm-none-eabi/13.3.1/../../../../arm-none-eabi/lib/thumb/v7e-m+fp/hard\libc_nano.a(libc_a-findfp.o)
 .ARM.attributes
                0x0000068f       0x34 C:/ST/STM32CubeIDE_1.19.0/STM32CubeIDE/plugins/com.st.stm32cube.ide.mcu.externaltools.gnu-tools-for-stm32.13.3.rel1.win32_1.0.0.202411081344/tools/bin/../lib/gcc/arm-none-eabi/13.3.1/../../../../arm-none-eabi/lib/thumb/v7e-m+fp/hard\libc_nano.a(libc_a-snprintf.o)
 .ARM.attributes
                0x000006c3       0x34 C:/ST/STM32CubeIDE_1.19.0/STM32CubeIDE/plugins/com.st.stm32cube.ide.mcu.externaltools.gnu-tools-for-stm32.13.3.rel1.win32_1.0.0.202411081344/tools/bin/../lib/gcc/arm-none-eabi/13.3.1/../../../../arm-none-eabi/lib/thumb/v7e-m+fp/hard\libc_nano.a(libc_a-vsnprintf.o)
 .ARM.attributes
                0x000006f7       0x34 C:/ST/STM32CubeIDE_1.19.0/STM32CubeIDE/plugins/com.st.stm32cube.ide.mcu.externaltools.gnu-tools-for-stm32.13.3.rel1.win32_1.0.0.202411081344/tools/bin/../lib/gcc/arm-none-eabi/13.3.1/../../../../arm-none-eabi/lib/thumb/v7e-m+fp/hard\libc_nano.a(libc_a-memset.o)
 .ARM.attributes
                0x0000072b       0x34 C:/ST/STM32CubeIDE_1.19.0/STM32CubeIDE/plugins/com.st.stm32cube.ide.mcu.externaltools.gnu-tools-for-stm32.13.3.rel1.win32_1.0.0.202411081344/tools/bin/../lib/gcc/arm-none-eabi/13.3.1/../../../../arm-none-eabi/lib/thumb/v7e-m+fp/hard\libc_nano.a(libc_a-reent.o)
 .ARM.attributes
                0x0000075f       0x34 C:/ST/STM32CubeIDE_1.19.0/STM32CubeIDE/plugins/com.st.stm32cube.ide.mcu.externaltools.gnu-tools-for-stm32.13.3.rel1.win32_1.0.0.202411081344/tools/bin/../lib/gcc/arm-none-eabi/13.3.1/../../../../arm-none-eabi/lib/thumb/v7e-m+fp/hard\libc_nano.a(libc_a-impure.o)
 .ARM.attributes
                0x00000793       0x34 C:/ST/STM32CubeIDE_1.19.0/STM32CubeIDE/plugins/com.st.stm32cube.ide.mcu.externaltools.gnu-tools-for-stm32.13.3.rel1.win32_1.0.0.202411081344/tools/bin/../lib/gcc/arm-none-eabi/13.3.1/../../../../arm-none-eabi/lib/thumb/v7e-m+fp/hard\libc_nano.a(libc_a-errno.o)
 .ARM.attributes
                0x000007c7       0x34 C:/ST/STM32CubeIDE_1.19.0/STM32CubeIDE/plugins/com.st.stm32cube.ide.mcu.externaltools.gnu-tools-for-stm32.13.3.rel1.win32_1.0.0.202411081344/tools/bin/../lib/gcc/arm-none-eabi/13.3.1/../../../../arm-none-eabi/lib/thumb/v7e-m+fp/hard\libc_nano.a(libc_a-init.o)
 .ARM.attributes
                0x000007fb       0x34 C:/ST/STM32CubeIDE_1.19.0/STM32CubeIDE/plugins/com.st.stm32cube.ide.mcu.externaltools.gnu-tools-for-stm32.13.3.rel1.win32_1.0.0.202411081344/tools/bin/../lib/gcc/arm-none-eabi/13.3.1/../../../../arm-none-eabi/lib/thumb/v7e-m+fp/hard\libc_nano.a(libc_a-lock.o)
 .ARM.attributes
                0x0000082f       0x20 C:/ST/STM32CubeIDE_1.19.0/STM32CubeIDE/plugins/com.st.stm32cube.ide.mcu.externaltools.gnu-tools-for-stm32.13.3.rel1.win32_1.0.0.202411081344/tools/bin/../lib/gcc/arm-none-eabi/13.3.1/../../../../arm-none-eabi/lib/thumb/v7e-m+fp/hard\libc_nano.a(libc_a-strcmp.o)
 .ARM.attributes
                0x0000084f       0x34 C:/ST/STM32CubeIDE_1.19.0/STM32CubeIDE/plugins/com.st.stm32cube.ide.mcu.externaltools.gnu-tools-for-stm32.13.3.rel1.win32_1.0.0.202411081344/tools/bin/../lib/gcc/arm-none-eabi/13.3.1/../../../../arm-none-eabi/lib/thumb/v7e-m+fp/hard\libc_nano.a(libc_a-freer.o)
 .ARM.attributes
                0x00000883       0x34 C:/ST/STM32CubeIDE_1.19.0/STM32CubeIDE/plugins/com.st.stm32cube.ide.mcu.externaltools.gnu-tools-for-stm32.13.3.rel1.win32_1.0.0.202411081344/tools/bin/../lib/gcc/arm-none-eabi/13.3.1/../../../../arm-none-eabi/lib/thumb/v7e-m+fp/hard\libc_nano.a(libc_a-mallocr.o)
 .ARM.attributes
                0x000008b7       0x34 C:/ST/STM32CubeIDE_1.19.0/STM32CubeIDE/plugins/com.st.stm32cube.ide.mcu.externaltools.gnu-tools-for-stm32.13.3.rel1.win32_1.0.0.202411081344/tools/bin/../lib/gcc/arm-none-eabi/13.3.1/../../../../arm-none-eabi/lib/thumb/v7e-m+fp/hard\libc_nano.a(libc_a-mlock.o)
 .ARM.attributes
                0x000008eb       0x34 C:/ST/STM32CubeIDE_1.19.0/STM32CubeIDE/plugins/com.st.stm32cube.ide.mcu.externaltools.gnu-tools-for-stm32.13.3.rel1.win32_1.0.0.202411081344/tools/bin/../lib/gcc/arm-none-eabi/13.3.1/../../../../arm-none-eabi/lib/thumb/v7e-m+fp/hard\libc_nano.a(libc_a-nano-svfprintf.o)
 .ARM.attributes
                0x0000091f       0x34 C:/ST/STM32CubeIDE_1.19.0/STM32CubeIDE/plugins/com.st.stm32cube.ide.mcu.externaltools.gnu-tools-for-stm32.13.3.rel1.win32_1.0.0.202411081344/tools/bin/../lib/gcc/arm-none-eabi/13.3.1/../../../../arm-none-eabi/lib/thumb/v7e-m+fp/hard\libc_nano.a(libc_a-nano-vfprintf_i.o)
 .ARM.attributes
                0x00000953       0x34 C:/ST/STM32CubeIDE_1.19.0/STM32CubeIDE/plugins/com.st.stm32cube.ide.mcu.externaltools.gnu-tools-for-stm32.13.3.rel1.win32_1.0.0.202411081344/tools/bin/../lib/gcc/arm-none-eabi/13.3.1/../../../../arm-none-eabi/lib/thumb/v7e-m+fp/hard\libc_nano.a(libc_a-memmove.o)
 .ARM.attributes
                0x00000987       0x34 C:/ST/STM32CubeIDE_1.19.0/STM32CubeIDE/plugins/com.st.stm32cube.ide.mcu.externaltools.gnu-tools-for-stm32.13.3.rel1.win32_1.0.0.202411081344/tools/bin/../lib/gcc/arm-none-eabi/13.3.1/../../../../arm-none-eabi/lib/thumb/v7e-m+fp/hard\libc_nano.a(libc_a-sbrkr.o)
 .ARM.attributes
                0x000009bb       0x1c C:/ST/STM32CubeIDE_1.19.0/STM32CubeIDE/plugins/com.st.stm32cube.ide.mcu.externaltools.gnu-tools-for-stm32.13.3.rel1.win32_1.0.0.202411081344/tools/bin/../lib/gcc/arm-none-eabi/13.3.1/../../../../arm-none-eabi/lib/thumb/v7e-m+fp/hard\libc_nano.a(libc_a-memchr.o)
 .ARM.attributes
                0x000009d7       0x34 C:/ST/STM32CubeIDE_1.19.0/STM32CubeIDE/plugins/com.st.stm32cube.ide.mcu.externaltools.gnu-tools-for-stm32.13.3.rel1.win32_1.0.0.202411081344/tools/bin/../lib/gcc/arm-none-eabi/13.3.1/../../../../arm-none-eabi/lib/thumb/v7e-m+fp/hard\libc_nano.a(libc_a-memcpy-stub.o)
 .ARM.attributes
                0x00000a0b       0x34 C:/ST/STM32CubeIDE_1.19.0/STM32CubeIDE/plugins/com.st.stm32cube.ide.mcu.externaltools.gnu-tools-for-stm32.13.3.rel1.win32_1.0.0.202411081344/tools/bin/../lib/gcc/arm-none-eabi/13.3.1/../../../../arm-none-eabi/lib/thumb/v7e-m+fp/hard\libc_nano.a(libc_a-reallocr.o)
 .ARM.attributes
                0x00000a3f       0x34 C:/ST/STM32CubeIDE_1.19.0/STM32CubeIDE/plugins/com.st.stm32cube.ide.mcu.externaltools.gnu-tools-for-stm32.13.3.rel1.win32_1.0.0.202411081344/tools/bin/../lib/gcc/arm-none-eabi/13.3.1/../../../../arm-none-eabi/lib/thumb/v7e-m+fp/hard\libc_nano.a(libc_a-msizer.o)
 .ARM.attributes
                0x00000a73       0x22 C:/ST/STM32CubeIDE_1.19.0/STM32CubeIDE/plugins/com.st.stm32cube.ide.mcu.externaltools.gnu-tools-for-stm32.13.3.rel1.win32_1.0.0.202411081344/tools/bin/../lib/gcc/arm-none-eabi/13.3.1/thumb/v7e-m+fp/hard\libgcc.a(_aeabi_uldivmod.o)
 .ARM.attributes
                0x00000a95       0x34 C:/ST/STM32CubeIDE_1.19.0/STM32CubeIDE/plugins/com.st.stm32cube.ide.mcu.externaltools.gnu-tools-for-stm32.13.3.rel1.win32_1.0.0.202411081344/tools/bin/../lib/gcc/arm-none-eabi/13.3.1/thumb/v7e-m+fp/hard\libgcc.a(_udivmoddi4.o)
 .ARM.attributes
                0x00000ac9       0x22 C:/ST/STM32CubeIDE_1.19.0/STM32CubeIDE/plugins/com.st.stm32cube.ide.mcu.externaltools.gnu-tools-for-stm32.13.3.rel1.win32_1.0.0.202411081344/tools/bin/../lib/gcc/arm-none-eabi/13.3.1/thumb/v7e-m+fp/hard\libgcc.a(_dvmd_tls.o)
 .ARM.attributes
                0x00000aeb       0x22 C:/ST/STM32CubeIDE_1.19.0/STM32CubeIDE/plugins/com.st.stm32cube.ide.mcu.externaltools.gnu-tools-for-stm32.13.3.rel1.win32_1.0.0.202411081344/tools/bin/../lib/gcc/arm-none-eabi/13.3.1/thumb/v7e-m+fp/hard/crtn.o
OUTPUT(NUCLEO-G474RET6-Inverter_Base.elf elf32-littlearm)
LOAD linker stubs
LOAD C:/ST/STM32CubeIDE_1.19.0/STM32CubeIDE/plugins/com.st.stm32cube.ide.mcu.externaltools.gnu-tools-for-stm32.13.3.rel1.win32_1.0.0.202411081344/tools/bin/../lib/gcc/arm-none-eabi/13.3.1/../../../../arm-none-eabi/lib/thumb/v7e-m+fp/hard\libc.a
LOAD C:/ST/STM32CubeIDE_1.19.0/STM32CubeIDE/plugins/com.st.stm32cube.ide.mcu.externaltools.gnu-tools-for-stm32.13.3.rel1.win32_1.0.0.202411081344/tools/bin/../lib/gcc/arm-none-eabi/13.3.1/../../../../arm-none-eabi/lib/thumb/v7e-m+fp/hard\libm.a
LOAD C:/ST/STM32CubeIDE_1.19.0/STM32CubeIDE/plugins/com.st.stm32cube.ide.mcu.externaltools.gnu-tools-for-stm32.13.3.rel1.win32_1.0.0.202411081344/tools/bin/../lib/gcc/arm-none-eabi/13.3.1/thumb/v7e-m+fp/hard\libgcc.a

.debug_info     0x00000000    0x1b2c5
 .debug_info    0x00000000     0x1021 ./Core/Src/adc.o
 .debug_info    0x00001021      0xb04 ./Core/Src/app.o
 .debug_info    0x00001b25      0x77a ./Core/Src/gpio.o
 .debug_info    0x0000229f      0xa6f ./Core/Src/main.o
 .debug_info    0x00002d0e      0x2da ./Core/Src/stm32g4xx_hal_msp.o
 .debug_info    0x00002fe8      0xe78 ./Core/Src/stm32g4xx_hal_timebase_tim.o
 .debug_info    0x00003e60      0xc78 ./Core/Src/stm32g4xx_it.o
 .debug_info    0x00004ad8      0x168 ./Core/Src/sysmem.o
 .debug_info    0x00004c40      0x58e ./Core/Src/system_stm32g4xx.o
 .debug_info    0x000051ce     0x1017 ./Core/Src/tim.o
 .debug_info    0x000061e5     0x10f4 ./Core/Src/usart.o
 .debug_info    0x000072d9      0xbe0 ./Core/Src/motor_control/motor.o
 .debug_info    0x00007eb9      0x45f ./Core/Src/user_interface/led.o
 .debug_info    0x00008318      0x504 ./Core/Src/user_interface/shell.o
 .debug_info    0x0000881c       0x30 ./Core/Startup/startup_stm32g474retx.o
 .debug_info    0x0000884c      0xb95 ./Drivers/STM32G4xx_HAL_Driver/Src/stm32g4xx_hal.o
 .debug_info    0x000093e1     0x2063 ./Drivers/STM32G4xx_HAL_Driver/Src/stm32g4xx_hal_adc.o
 .debug_info    0x0000b444     0x1d80 ./Drivers/STM32G4xx_HAL_Driver/Src/stm32g4xx_hal_adc_ex.o
 .debug_info    0x0000d1c4      0xdf9 ./Drivers/STM32G4xx_HAL_Driver/Src/stm32g4xx_hal_cortex.o
 .debug_info    0x0000dfbd      0x85f ./Drivers/STM32G4xx_HAL_Driver/Src/stm32g4xx_hal_dma.o
 .debug_info    0x0000e81c      0x763 ./Drivers/STM32G4xx_HAL_Driver/Src/stm32g4xx_hal_gpio.o
 .debug_info    0x0000ef7f      0x93f ./Drivers/STM32G4xx_HAL_Driver/Src/stm32g4xx_hal_pwr_ex.o
 .debug_info    0x0000f8be      0xbe0 ./Drivers/STM32G4xx_HAL_Driver/Src/stm32g4xx_hal_rcc.o
 .debug_info    0x0001049e      0xc45 ./Drivers/STM32G4xx_HAL_Driver/Src/stm32g4xx_hal_rcc_ex.o
 .debug_info    0x000110e3     0x2c52 ./Drivers/STM32G4xx_HAL_Driver/Src/stm32g4xx_hal_tim.o
 .debug_info    0x00013d35     0x1d95 ./Drivers/STM32G4xx_HAL_Driver/Src/stm32g4xx_hal_tim_ex.o
 .debug_info    0x00015aca     0x481e ./Drivers/STM32G4xx_HAL_Driver/Src/stm32g4xx_hal_uart.o
 .debug_info    0x0001a2e8      0xfdd ./Drivers/STM32G4xx_HAL_Driver/Src/stm32g4xx_hal_uart_ex.o

.debug_abbrev   0x00000000     0x3be0
 .debug_abbrev  0x00000000      0x1f5 ./Core/Src/adc.o
 .debug_abbrev  0x000001f5      0x2a9 ./Core/Src/app.o
 .debug_abbrev  0x0000049e      0x15b ./Core/Src/gpio.o
 .debug_abbrev  0x000005f9      0x268 ./Core/Src/main.o
 .debug_abbrev  0x00000861       0xd9 ./Core/Src/stm32g4xx_hal_msp.o
 .debug_abbrev  0x0000093a      0x223 ./Core/Src/stm32g4xx_hal_timebase_tim.o
 .debug_abbrev  0x00000b5d      0x1b7 ./Core/Src/stm32g4xx_it.o
 .debug_abbrev  0x00000d14       0xbc ./Core/Src/sysmem.o
 .debug_abbrev  0x00000dd0      0x11a ./Core/Src/system_stm32g4xx.o
 .debug_abbrev  0x00000eea      0x287 ./Core/Src/tim.o
 .debug_abbrev  0x00001171      0x219 ./Core/Src/usart.o
 .debug_abbrev  0x0000138a      0x2d4 ./Core/Src/motor_control/motor.o
 .debug_abbrev  0x0000165e      0x1f4 ./Core/Src/user_interface/led.o
 .debug_abbrev  0x00001852      0x1e0 ./Core/Src/user_interface/shell.o
 .debug_abbrev  0x00001a32       0x24 ./Core/Startup/startup_stm32g474retx.o
 .debug_abbrev  0x00001a56      0x271 ./Drivers/STM32G4xx_HAL_Driver/Src/stm32g4xx_hal.o
 .debug_abbrev  0x00001cc7      0x2d3 ./Drivers/STM32G4xx_HAL_Driver/Src/stm32g4xx_hal_adc.o
 .debug_abbrev  0x00001f9a      0x2ee ./Drivers/STM32G4xx_HAL_Driver/Src/stm32g4xx_hal_adc_ex.o
 .debug_abbrev  0x00002288      0x31c ./Drivers/STM32G4xx_HAL_Driver/Src/stm32g4xx_hal_cortex.o
 .debug_abbrev  0x000025a4      0x1e2 ./Drivers/STM32G4xx_HAL_Driver/Src/stm32g4xx_hal_dma.o
 .debug_abbrev  0x00002786      0x1cb ./Drivers/STM32G4xx_HAL_Driver/Src/stm32g4xx_hal_gpio.o
 .debug_abbrev  0x00002951      0x22c ./Drivers/STM32G4xx_HAL_Driver/Src/stm32g4xx_hal_pwr_ex.o
 .debug_abbrev  0x00002b7d      0x2c9 ./Drivers/STM32G4xx_HAL_Driver/Src/stm32g4xx_hal_rcc.o
 .debug_abbrev  0x00002e46      0x258 ./Drivers/STM32G4xx_HAL_Driver/Src/stm32g4xx_hal_rcc_ex.o
 .debug_abbrev  0x0000309e      0x2a7 ./Drivers/STM32G4xx_HAL_Driver/Src/stm32g4xx_hal_tim.o
 .debug_abbrev  0x00003345      0x2c5 ./Drivers/STM32G4xx_HAL_Driver/Src/stm32g4xx_hal_tim_ex.o
 .debug_abbrev  0x0000360a      0x304 ./Drivers/STM32G4xx_HAL_Driver/Src/stm32g4xx_hal_uart.o
 .debug_abbrev  0x0000390e      0x2d2 ./Drivers/STM32G4xx_HAL_Driver/Src/stm32g4xx_hal_uart_ex.o

.debug_aranges  0x00000000     0x1650
 .debug_aranges
                0x00000000       0x38 ./Core/Src/adc.o
 .debug_aranges
                0x00000038       0x40 ./Core/Src/app.o
 .debug_aranges
                0x00000078       0x20 ./Core/Src/gpio.o
 .debug_aranges
                0x00000098       0x38 ./Core/Src/main.o
 .debug_aranges
                0x000000d0       0x20 ./Core/Src/stm32g4xx_hal_msp.o
 .debug_aranges
                0x000000f0       0x30 ./Core/Src/stm32g4xx_hal_timebase_tim.o
 .debug_aranges
                0x00000120       0x78 ./Core/Src/stm32g4xx_it.o
 .debug_aranges
                0x00000198       0x20 ./Core/Src/sysmem.o
 .debug_aranges
                0x000001b8       0x28 ./Core/Src/system_stm32g4xx.o
 .debug_aranges
                0x000001e0       0x50 ./Core/Src/tim.o
 .debug_aranges
                0x00000230       0x38 ./Core/Src/usart.o
 .debug_aranges
                0x00000268       0x48 ./Core/Src/motor_control/motor.o
 .debug_aranges
                0x000002b0       0x28 ./Core/Src/user_interface/led.o
 .debug_aranges
                0x000002d8       0x58 ./Core/Src/user_interface/shell.o
 .debug_aranges
                0x00000330       0x28 ./Core/Startup/startup_stm32g474retx.o
 .debug_aranges
                0x00000358      0x148 ./Drivers/STM32G4xx_HAL_Driver/Src/stm32g4xx_hal.o
 .debug_aranges
                0x000004a0      0x248 ./Drivers/STM32G4xx_HAL_Driver/Src/stm32g4xx_hal_adc.o
 .debug_aranges
                0x000006e8      0x1c0 ./Drivers/STM32G4xx_HAL_Driver/Src/stm32g4xx_hal_adc_ex.o
 .debug_aranges
                0x000008a8      0x128 ./Drivers/STM32G4xx_HAL_Driver/Src/stm32g4xx_hal_cortex.o
 .debug_aranges
                0x000009d0       0x90 ./Drivers/STM32G4xx_HAL_Driver/Src/stm32g4xx_hal_dma.o
 .debug_aranges
                0x00000a60       0x58 ./Drivers/STM32G4xx_HAL_Driver/Src/stm32g4xx_hal_gpio.o
 .debug_aranges
                0x00000ab8      0x140 ./Drivers/STM32G4xx_HAL_Driver/Src/stm32g4xx_hal_pwr_ex.o
 .debug_aranges
                0x00000bf8       0x98 ./Drivers/STM32G4xx_HAL_Driver/Src/stm32g4xx_hal_rcc.o
 .debug_aranges
                0x00000c90       0xb0 ./Drivers/STM32G4xx_HAL_Driver/Src/stm32g4xx_hal_rcc_ex.o
 .debug_aranges
                0x00000d40      0x3e0 ./Drivers/STM32G4xx_HAL_Driver/Src/stm32g4xx_hal_tim.o
 .debug_aranges
                0x00001120      0x240 ./Drivers/STM32G4xx_HAL_Driver/Src/stm32g4xx_hal_tim_ex.o
 .debug_aranges
                0x00001360      0x248 ./Drivers/STM32G4xx_HAL_Driver/Src/stm32g4xx_hal_uart.o
 .debug_aranges
                0x000015a8       0xa8 ./Drivers/STM32G4xx_HAL_Driver/Src/stm32g4xx_hal_uart_ex.o

.debug_rnglists
                0x00000000     0x113a
 .debug_rnglists
                0x00000000       0x29 ./Core/Src/adc.o
 .debug_rnglists
                0x00000029       0x2b ./Core/Src/app.o
 .debug_rnglists
                0x00000054       0x14 ./Core/Src/gpio.o
 .debug_rnglists
                0x00000068       0x26 ./Core/Src/main.o
 .debug_rnglists
                0x0000008e       0x13 ./Core/Src/stm32g4xx_hal_msp.o
 .debug_rnglists
                0x000000a1       0x20 ./Core/Src/stm32g4xx_hal_timebase_tim.o
 .debug_rnglists
                0x000000c1       0x55 ./Core/Src/stm32g4xx_it.o
 .debug_rnglists
                0x00000116       0x13 ./Core/Src/sysmem.o
 .debug_rnglists
                0x00000129       0x1a ./Core/Src/system_stm32g4xx.o
 .debug_rnglists
                0x00000143       0x3b ./Core/Src/tim.o
 .debug_rnglists
                0x0000017e       0x28 ./Core/Src/usart.o
 .debug_rnglists
                0x000001a6       0x32 ./Core/Src/motor_control/motor.o
 .debug_rnglists
                0x000001d8       0x1a ./Core/Src/user_interface/led.o
 .debug_rnglists
                0x000001f2       0x41 ./Core/Src/user_interface/shell.o
 .debug_rnglists
                0x00000233       0x19 ./Core/Startup/startup_stm32g474retx.o
 .debug_rnglists
                0x0000024c       0xf1 ./Drivers/STM32G4xx_HAL_Driver/Src/stm32g4xx_hal.o
 .debug_rnglists
                0x0000033d      0x1c0 ./Drivers/STM32G4xx_HAL_Driver/Src/stm32g4xx_hal_adc.o
 .debug_rnglists
                0x000004fd      0x15a ./Drivers/STM32G4xx_HAL_Driver/Src/stm32g4xx_hal_adc_ex.o
 .debug_rnglists
                0x00000657       0xda ./Drivers/STM32G4xx_HAL_Driver/Src/stm32g4xx_hal_cortex.o
 .debug_rnglists
                0x00000731       0x71 ./Drivers/STM32G4xx_HAL_Driver/Src/stm32g4xx_hal_dma.o
 .debug_rnglists
                0x000007a2       0x3f ./Drivers/STM32G4xx_HAL_Driver/Src/stm32g4xx_hal_gpio.o
 .debug_rnglists
                0x000007e1       0xf1 ./Drivers/STM32G4xx_HAL_Driver/Src/stm32g4xx_hal_pwr_ex.o
 .debug_rnglists
                0x000008d2       0x74 ./Drivers/STM32G4xx_HAL_Driver/Src/stm32g4xx_hal_rcc.o
 .debug_rnglists
                0x00000946       0x87 ./Drivers/STM32G4xx_HAL_Driver/Src/stm32g4xx_hal_rcc_ex.o
 .debug_rnglists
                0x000009cd      0x328 ./Drivers/STM32G4xx_HAL_Driver/Src/stm32g4xx_hal_tim.o
 .debug_rnglists
                0x00000cf5      0x1cc ./Drivers/STM32G4xx_HAL_Driver/Src/stm32g4xx_hal_tim_ex.o
 .debug_rnglists
                0x00000ec1      0x1fa ./Drivers/STM32G4xx_HAL_Driver/Src/stm32g4xx_hal_uart.o
 .debug_rnglists
                0x000010bb       0x7f ./Drivers/STM32G4xx_HAL_Driver/Src/stm32g4xx_hal_uart_ex.o

.debug_macro    0x00000000    0x2961d
 .debug_macro   0x00000000      0x20a ./Core/Src/adc.o
 .debug_macro   0x0000020a      0x161 ./Core/Src/adc.o
 .debug_macro   0x0000036b       0x2e ./Core/Src/adc.o
 .debug_macro   0x00000399       0x28 ./Core/Src/adc.o
 .debug_macro   0x000003c1       0x22 ./Core/Src/adc.o
 .debug_macro   0x000003e3       0x8e ./Core/Src/adc.o
 .debug_macro   0x00000471       0x51 ./Core/Src/adc.o
 .debug_macro   0x000004c2      0x103 ./Core/Src/adc.o
 .debug_macro   0x000005c5       0x6a ./Core/Src/adc.o
 .debug_macro   0x0000062f      0x1df ./Core/Src/adc.o
 .debug_macro   0x0000080e       0x1c ./Core/Src/adc.o
 .debug_macro   0x0000082a       0x22 ./Core/Src/adc.o
 .debug_macro   0x0000084c       0xfb ./Core/Src/adc.o
 .debug_macro   0x00000947     0x1011 ./Core/Src/adc.o
 .debug_macro   0x00001958      0x11f ./Core/Src/adc.o
 .debug_macro   0x00001a77    0x18b8c ./Core/Src/adc.o
 .debug_macro   0x0001a603       0x6d ./Core/Src/adc.o
 .debug_macro   0x0001a670     0x3558 ./Core/Src/adc.o
 .debug_macro   0x0001dbc8      0x190 ./Core/Src/adc.o
 .debug_macro   0x0001dd58       0x5c ./Core/Src/adc.o
 .debug_macro   0x0001ddb4     0x171f ./Core/Src/adc.o
 .debug_macro   0x0001f4d3      0x600 ./Core/Src/adc.o
 .debug_macro   0x0001fad3      0x1b6 ./Core/Src/adc.o
 .debug_macro   0x0001fc89      0x34a ./Core/Src/adc.o
 .debug_macro   0x0001ffd3      0x53c ./Core/Src/adc.o
 .debug_macro   0x0002050f      0x18b ./Core/Src/adc.o
 .debug_macro   0x0002069a       0x43 ./Core/Src/adc.o
 .debug_macro   0x000206dd      0x23d ./Core/Src/adc.o
 .debug_macro   0x0002091a     0x1112 ./Core/Src/adc.o
 .debug_macro   0x00021a2c      0x72e ./Core/Src/adc.o
 .debug_macro   0x0002215a      0x391 ./Core/Src/adc.o
 .debug_macro   0x000224eb      0x211 ./Core/Src/adc.o
 .debug_macro   0x000226fc      0x45c ./Core/Src/adc.o
 .debug_macro   0x00022b58      0x11c ./Core/Src/adc.o
 .debug_macro   0x00022c74      0x122 ./Core/Src/adc.o
 .debug_macro   0x00022d96      0x3d1 ./Core/Src/adc.o
 .debug_macro   0x00023167      0xc0b ./Core/Src/adc.o
 .debug_macro   0x00023d72      0x718 ./Core/Src/adc.o
 .debug_macro   0x0002448a      0x693 ./Core/Src/adc.o
 .debug_macro   0x00024b1d       0xa6 ./Core/Src/adc.o
 .debug_macro   0x00024bc3      0x358 ./Core/Src/adc.o
 .debug_macro   0x00024f1b       0xe2 ./Core/Src/adc.o
 .debug_macro   0x00024ffd      0x342 ./Core/Src/app.o
 .debug_macro   0x0002533f       0xe8 ./Core/Src/app.o
 .debug_macro   0x00025427       0x61 ./Core/Src/app.o
 .debug_macro   0x00025488       0x2a ./Core/Src/app.o
 .debug_macro   0x000254b2       0x43 ./Core/Src/app.o
 .debug_macro   0x000254f5       0x34 ./Core/Src/app.o
 .debug_macro   0x00025529       0x16 ./Core/Src/app.o
 .debug_macro   0x0002553f       0x3c ./Core/Src/app.o
 .debug_macro   0x0002557b      0x370 ./Core/Src/app.o
 .debug_macro   0x000258eb       0x10 ./Core/Src/app.o
 .debug_macro   0x000258fb       0x16 ./Core/Src/app.o
 .debug_macro   0x00025911       0x4a ./Core/Src/app.o
 .debug_macro   0x0002595b       0x34 ./Core/Src/app.o
 .debug_macro   0x0002598f       0x10 ./Core/Src/app.o
 .debug_macro   0x0002599f       0x58 ./Core/Src/app.o
 .debug_macro   0x000259f7       0x8e ./Core/Src/app.o
 .debug_macro   0x00025a85       0x1c ./Core/Src/app.o
 .debug_macro   0x00025aa1      0x185 ./Core/Src/app.o
 .debug_macro   0x00025c26       0x16 ./Core/Src/app.o
 .debug_macro   0x00025c3c       0x16 ./Core/Src/app.o
 .debug_macro   0x00025c52      0x146 ./Core/Src/app.o
 .debug_macro   0x00025d98       0x16 ./Core/Src/app.o
 .debug_macro   0x00025dae       0x20 ./Core/Src/app.o
 .debug_macro   0x00025dce       0x22 ./Core/Src/app.o
 .debug_macro   0x00025df0       0x10 ./Core/Src/app.o
 .debug_macro   0x00025e00      0x20a ./Core/Src/gpio.o
 .debug_macro   0x0002600a      0x23a ./Core/Src/main.o
 .debug_macro   0x00026244      0x200 ./Core/Src/stm32g4xx_hal_msp.o
 .debug_macro   0x00026444      0x1f1 ./Core/Src/stm32g4xx_hal_timebase_tim.o
 .debug_macro   0x00026635      0x20a ./Core/Src/stm32g4xx_it.o
 .debug_macro   0x0002683f      0x112 ./Core/Src/sysmem.o
 .debug_macro   0x00026951      0x23c ./Core/Src/sysmem.o
 .debug_macro   0x00026b8d      0x1f1 ./Core/Src/system_stm32g4xx.o
 .debug_macro   0x00026d7e      0x20a ./Core/Src/tim.o
 .debug_macro   0x00026f88      0x20a ./Core/Src/usart.o
 .debug_macro   0x00027192      0x371 ./Core/Src/motor_control/motor.o
 .debug_macro   0x00027503       0x4c ./Core/Src/motor_control/motor.o
 .debug_macro   0x0002754f      0x321 ./Core/Src/user_interface/led.o
 .debug_macro   0x00027870      0x317 ./Core/Src/user_interface/shell.o
 .debug_macro   0x00027b87      0x23f ./Drivers/STM32G4xx_HAL_Driver/Src/stm32g4xx_hal.o
 .debug_macro   0x00027dc6      0x20e ./Drivers/STM32G4xx_HAL_Driver/Src/stm32g4xx_hal_adc.o
 .debug_macro   0x00027fd4      0x1fd ./Drivers/STM32G4xx_HAL_Driver/Src/stm32g4xx_hal_adc_ex.o
 .debug_macro   0x000281d1      0x1f1 ./Drivers/STM32G4xx_HAL_Driver/Src/stm32g4xx_hal_cortex.o
 .debug_macro   0x000283c2      0x1f1 ./Drivers/STM32G4xx_HAL_Driver/Src/stm32g4xx_hal_dma.o
 .debug_macro   0x000285b3      0x1f8 ./Drivers/STM32G4xx_HAL_Driver/Src/stm32g4xx_hal_gpio.o
 .debug_macro   0x000287ab      0x21b ./Drivers/STM32G4xx_HAL_Driver/Src/stm32g4xx_hal_pwr_ex.o
 .debug_macro   0x000289c6      0x233 ./Drivers/STM32G4xx_HAL_Driver/Src/stm32g4xx_hal_rcc.o
 .debug_macro   0x00028bf9      0x21b ./Drivers/STM32G4xx_HAL_Driver/Src/stm32g4xx_hal_rcc_ex.o
 .debug_macro   0x00028e14      0x1f9 ./Drivers/STM32G4xx_HAL_Driver/Src/stm32g4xx_hal_tim.o
 .debug_macro   0x0002900d      0x1f7 ./Drivers/STM32G4xx_HAL_Driver/Src/stm32g4xx_hal_tim_ex.o
 .debug_macro   0x00029204      0x21c ./Drivers/STM32G4xx_HAL_Driver/Src/stm32g4xx_hal_uart.o
 .debug_macro   0x00029420      0x1fd ./Drivers/STM32G4xx_HAL_Driver/Src/stm32g4xx_hal_uart_ex.o

.debug_line     0x00000000    0x1c53d
 .debug_line    0x00000000      0x96d ./Core/Src/adc.o
 .debug_line    0x0000096d      0xa02 ./Core/Src/app.o
 .debug_line    0x0000136f      0x7d3 ./Core/Src/gpio.o
 .debug_line    0x00001b42      0x875 ./Core/Src/main.o
 .debug_line    0x000023b7      0x7a9 ./Core/Src/stm32g4xx_hal_msp.o
 .debug_line    0x00002b60      0x811 ./Core/Src/stm32g4xx_hal_timebase_tim.o
 .debug_line    0x00003371      0x89a ./Core/Src/stm32g4xx_it.o
 .debug_line    0x00003c0b      0x588 ./Core/Src/sysmem.o
 .debug_line    0x00004193      0x815 ./Core/Src/system_stm32g4xx.o
 .debug_line    0x000049a8      0x990 ./Core/Src/tim.o
 .debug_line    0x00005338      0x90b ./Core/Src/usart.o
 .debug_line    0x00005c43      0xae8 ./Core/Src/motor_control/motor.o
 .debug_line    0x0000672b      0x9fb ./Core/Src/user_interface/led.o
 .debug_line    0x00007126      0xbff ./Core/Src/user_interface/shell.o
 .debug_line    0x00007d25       0x7b ./Core/Startup/startup_stm32g474retx.o
 .debug_line    0x00007da0      0xbe1 ./Drivers/STM32G4xx_HAL_Driver/Src/stm32g4xx_hal.o
 .debug_line    0x00008981     0x22b0 ./Drivers/STM32G4xx_HAL_Driver/Src/stm32g4xx_hal_adc.o
 .debug_line    0x0000ac31     0x1c08 ./Drivers/STM32G4xx_HAL_Driver/Src/stm32g4xx_hal_adc_ex.o
 .debug_line    0x0000c839      0xd46 ./Drivers/STM32G4xx_HAL_Driver/Src/stm32g4xx_hal_cortex.o
 .debug_line    0x0000d57f      0xee0 ./Drivers/STM32G4xx_HAL_Driver/Src/stm32g4xx_hal_dma.o
 .debug_line    0x0000e45f      0xbba ./Drivers/STM32G4xx_HAL_Driver/Src/stm32g4xx_hal_gpio.o
 .debug_line    0x0000f019      0xd40 ./Drivers/STM32G4xx_HAL_Driver/Src/stm32g4xx_hal_pwr_ex.o
 .debug_line    0x0000fd59     0x1064 ./Drivers/STM32G4xx_HAL_Driver/Src/stm32g4xx_hal_rcc.o
 .debug_line    0x00010dbd     0x12d9 ./Drivers/STM32G4xx_HAL_Driver/Src/stm32g4xx_hal_rcc_ex.o
 .debug_line    0x00012096     0x407a ./Drivers/STM32G4xx_HAL_Driver/Src/stm32g4xx_hal_tim.o
 .debug_line    0x00016110     0x20e8 ./Drivers/STM32G4xx_HAL_Driver/Src/stm32g4xx_hal_tim_ex.o